03-29 13:15:12.565  2460  5408 D MediaSessionService: onSessionPlaybackStateChanged: record=com.suvojeet.suvmusic/androidx.media3.session.id./59 (userId=0) playbackState=PlaybackState {state=PLAYING(3), position=73062, buffered position=113621, speed=1.0, updated=79870597, actions=7340027, custom actions=[Action:mName='Shuffle, mIcon=2131231119, mExtras=Bundle[EMPTY_PARCEL], Action:mName='Like, mIcon=2131230967, mExtras=Bundle[EMPTY_PARCEL], Action:mName='Repeat, mIcon=2131231115, mExtras=Bundle[EMPTY_PARCEL], Action:mName='Start Radio, mIcon=2131231114, mExtras=Bundle[EMPTY_PARCEL]], active item id=15, error=null}
03-29 13:15:14.732  2460  5368 V WindowManager: DesktopModeLaunchParamsModifier: phase= 0 task=null activity=ActivityRecord{183688658 u0 com.suvojeet.suvmusic/.MainActivity desktop mode is not enabled, skipping
03-29 13:15:14.732  2460  5368 V WindowManager: TaskLaunchParamsModifier:phase=0 task=null activity=ActivityRecord{183688658 u0 com.suvojeet.suvmusic/.MainActivity t-1} display-from-option=0 display-id=0 task-display-area-windowing-mode=1 suggested-display-area=DefaultTaskDisplayArea@233761245
03-29 13:15:14.732  2460  5368 V WindowManager: DesktopModeLaunchParamsModifier: phase= 3 task=Task{874d20b #1349 type=standard A=10289:com.suvojeet.suvmusic} activity=ActivityRecord{183688658 u0 com.suvojeet.suvmusic/.MainActivity t-1} desktop mode is not enabled, skipping
03-29 13:15:14.733  2460  5368 V WindowManager: TaskLaunchParamsModifier:phase=3 task=Task{874d20b #1349 type=standard A=10289:com.suvojeet.suvmusic} activity=ActivityRecord{183688658 u0 com.suvojeet.suvmusic/.MainActivity t-1} display-from-option=0 display-id=0 task-display-area-windowing-mode=1 suggested-display-area=DefaultTaskDisplayArea@233761245 inherit-from-source=fullscreen non-freeform-task-display-area display-area=DefaultTaskDisplayArea@233761245 default-portrait freeform-size-mismatch=Rect(286, 709 - 795, 1789)
03-29 13:15:14.734  2460  5368 V WindowManager: DesktopModeLaunchParamsModifier: phase= 3 task=Task{874d20b #1349 type=standard A=10289:com.suvojeet.suvmusic} activity=ActivityRecord{183688658 u0 com.suvojeet.suvmusic/.MainActivity t-1} desktop mode is not enabled, skipping
03-29 13:15:14.734  2460  5368 V WindowManager: TaskLaunchParamsModifier:phase=3 task=Task{874d20b #1349 type=standard A=10289:com.suvojeet.suvmusic} activity=ActivityRecord{183688658 u0 com.suvojeet.suvmusic/.MainActivity t-1} display-from-option=0 display-id=0 task-display-area-windowing-mode=1 suggested-display-area=DefaultTaskDisplayArea@233761245 inherit-from-source=fullscreen non-freeform-task-display-area display-area=DefaultTaskDisplayArea@233761245 default-portrait freeform-size-mismatch=Rect(286, 709 - 795, 1789)
03-29 13:15:14.737  2460  5368 I ActivityTaskManager: START u0 {act=android.intent.action.MAIN cat=[android.intent.category.LAUNCHER] flg=0x10200000 xflg=0x4 pkg=com.suvojeet.suvmusic cmp=com.suvojeet.suvmusic/.MainActivity bnds=[305,1584][521,1844]} with LAUNCH_SINGLE_TOP from uid 10179 (com.google.android.apps.nexuslauncher) (sr=224394614) (BAL_ALLOW_VISIBLE_WINDOW) result code=2
03-29 13:15:14.738  2786  2821 V WindowManagerShell: Transition requested (#3796): android.os.BinderProxy@5efea34 TransitionRequestInfo { type = OPEN, triggerTask = TaskInfo{userId=0 taskId=1349 effectiveUid=10289 displayId=0 isRunning=true baseIntent=Intent { act=android.intent.action.MAIN cat=[android.intent.category.LAUNCHER] flg=0x10000000 pkg=com.suvojeet.suvmusic cmp=com.suvojeet.suvmusic/.MainActivity } baseActivity=ComponentInfo{com.suvojeet.suvmusic/com.suvojeet.suvmusic.MainActivity} topActivity=ComponentInfo{com.suvojeet.suvmusic/com.suvojeet.suvmusic.MainActivity} origActivity=null realActivity=ComponentInfo{com.suvojeet.suvmusic/com.suvojeet.suvmusic.MainActivity} numActivities=1 lastActiveTime=79800305 supportsMultiWindow=true resizeMode=1 isResizeable=true minWidth=-1 minHeight=-1 defaultMinSize=220 token=WCT{android.os.BinderProxy@f718505} topActivityType=1 pictureInPictureParams=PictureInPictureParams( aspectRatio=1/1 expandedAspectRatio=null sourceRectHint=null hasSetActions=true hasSetCloseAction=false isAutoPipEnabled=false isSeamlessResizeEnabled=true title=null subtitle=null isLaunchIntoPip=false) shouldDockBigOverlays=false launchIntoPipHostTaskId=-1 lastParentTaskIdBeforePip=-1 displayCutoutSafeInsets=Rect(0, 104 - 0, 0) topActivityInfo=ActivityInfo{8bac05d com.suvojeet.suvmusic.MainActivity} launchCookies=[android.os.BinderProxy@30e6dd2] positionInParent=Point(0, 0) parentTaskId=-1 isFocused=false isVisible=false isVisibleRequested=false isTopActivityNoDisplay=false isSleeping=false locusId=null displayAreaFeatureId=1 isTopActivityTransparent=false isActivityStackTransparent=false lastNonFullscreenBounds=Rect(286, 709 - 795, 1789) capturedLink=null capturedLinkTimestamp=0 requestedVisibleTypes=503 topActivityRequestOpenInBrowserEducationTimestamp=0 appCompatTaskInfo=AppCompatTaskInfo { topActivityInSizeCompat=false isLeafTask= true eligibleForLetterboxEducation= false isLetterboxEducationEnabled= false isLetterboxDoubleTapEnabled= false eligibleForUserAspectRatioButton= false topActivityBoundsLetterboxed= false isFromLetterboxDoubleTap= false topActivityLetterboxVerticalPosition= -1 topActivityLetterboxHorizontalPosition= -1 topActivityLetterboxWidth=-1 topActivityLetterboxHeight=-1 topActivityAppBounds=Rect(0, 0 - 1080, 2460) isUserFullscreenOverrideEnabled=false isSystemFullscreenOverrideEnabled=false hasMinAspectRatioOverride=false topActivityLetterboxBounds=null cameraCompatTaskInfo=CameraCompatTaskInfo { cameraCompatMode=undefinedundefined} topNonResizableActivityAspectRatio=-1.0} topActivityMainWindowFrame=null isAppBubble=false}, pipChange = null, remoteTransition = RemoteTransition { remoteTransition = android.window.IRemoteTransition$Stub$Proxy@506eea3, appThread = android.app.IApplicationThread$Stub$Proxy@5bb75a0, debugName = QuickstepLaunch }, displayChange = null, requestedLocation = null, userChange = null, windowingLayerChange = null, flags = 0, debugId = 3796 }
03-29 13:15:14.742  2786  2821 D WindowManagerShell: onActivityRestartAttempt: topActivity=ComponentInfo{com.suvojeet.suvmusic/com.suvojeet.suvmusic.MainActivity}, wasVisible=false, displayId=0, pipDisplayLayoutState#displayId=0
03-29 13:15:14.766  2460  2512 V WindowManager: Sent Transition (#3796) createdAt=03-29 13:15:14.732 via request=TransitionRequestInfo { type = OPEN, triggerTask = TaskInfo{userId=0 taskId=1349 effectiveUid=10289 displayId=0 isRunning=true baseIntent=Intent { act=android.intent.action.MAIN cat=[android.intent.category.LAUNCHER] flg=0x10000000 pkg=com.suvojeet.suvmusic cmp=com.suvojeet.suvmusic/.MainActivity } baseActivity=ComponentInfo{com.suvojeet.suvmusic/com.suvojeet.suvmusic.MainActivity} topActivity=ComponentInfo{com.suvojeet.suvmusic/com.suvojeet.suvmusic.MainActivity} origActivity=null realActivity=ComponentInfo{com.suvojeet.suvmusic/com.suvojeet.suvmusic.MainActivity} numActivities=1 lastActiveTime=79800305 supportsMultiWindow=true resizeMode=1 isResizeable=true minWidth=-1 minHeight=-1 defaultMinSize=220 token=WCT{RemoteToken{e3b338c Task{874d20b #1349 type=standard A=10289:com.suvojeet.suvmusic}}} topActivityType=1 pictureInPictureParams=PictureInPictureParams( aspectRatio=1/1 expandedAspectRatio=null sourceRectHint=null hasSetActions=true hasSetCloseAction=false isAutoPipEnabled=false isSeamlessResizeEnabled=true title=null subtitle=null isLaunchIntoPip=false) shouldDockBigOverlays=false launchIntoPipHostTaskId=-1 lastParentTaskIdBeforePip=-1 displayCutoutSafeInsets=Rect(0, 104 - 0, 0) topActivityInfo=ActivityInfo{4907bc9 com.suvojeet.suvmusic.MainActivity} launchCookies=[android.os.BinderProxy@1f0552a] positionInParent=Point(0, 0) parentTaskId=-1 isFocused=false isVisible=false isVisibleRequested=false isTopActivityNoDisplay=false isSleeping=false locusId=null displayAreaFeatureId=1 isTopActivityTransparent=false isActivityStackTransparent=false lastNonFullscreenBounds=Rect(286, 709 - 795, 1789) capturedLink=null capturedLinkTimestamp=0 requestedVisibleTypes=503 topActivityRequestOpenInBrowserEducationTimestamp=0 appCompatTaskInfo=AppCompatTaskInfo { topActivityInSizeCompat=false isLeafTask= true eligibleForLetterboxEducation= false isLetterboxEducationEnabled= false isLetterboxDoubleTapEnabled= false eligibleForUserAspectRatioButton= false topActivityBoundsLetterboxed= false isFromLetterboxDoubleTap= false topActivityLetterboxVerticalPosition= -1 topActivityLetterboxHorizontalPosition= -1 topActivityLetterboxWidth=-1 topActivityLetterboxHeight=-1 topActivityAppBounds=Rect(0, 0 - 1080, 2460) isUserFullscreenOverrideEnabled=false isSystemFullscreenOverrideEnabled=false hasMinAspectRatioOverride=false topActivityLetterboxBounds=null cameraCompatTaskInfo=CameraCompatTaskInfo { cameraCompatMode=undefinedundefined} topNonResizableActivityAspectRatio=-1.0} topActivityMainWindowFrame=null isAppBubble=false}, pipChange = null, remoteTransition = RemoteTransition { remoteTransition = android.window.IRemoteTransition$Stub$Proxy@5c33f1b, appThread = android.app.IApplicationThread$Stub$Proxy@b3e48b8, debugName = QuickstepLaunch }, displayChange = null, requestedLocation = null, userChange = null, windowingLayerChange = null, flags = 0, debugId = 3796 }
03-29 13:15:14.768  2460  2512 V WindowManager:         {WCT{RemoteToken{e3b338c Task{874d20b #1349 type=standard A=10289:com.suvojeet.suvmusic}}} m=TO_FRONT f=MOVE_TO_TOP leash=Surface(name=Task=1349#51264)/@0x54d5fc7 sb=Rect(0, 0 - 1080, 2460) eb=Rect(0, 0 - 1080, 2460) epz=Point(1080, 2460) d=0 taskParent=-1 winMode=1 userId=0},
03-29 13:15:14.877  2460  2657 I ImeTracker: com.suvojeet.suvmusic:e314c748: onRequestHide at ORIGIN_SERVER reason HIDE_UNSPECIFIED_WINDOW fromUser false
03-29 13:15:14.878  6890  6890 I ImeTracker: com.suvojeet.suvmusic:e314c748: onCancelled at PHASE_CLIENT_ALREADY_HIDDEN
03-29 13:15:14.882  5169  5169 I GoogleInputMethodService: GoogleInputMethodService.onStartInput():1385 onStartInput(EditorInfo{EditorInfo{packageName=com.suvojeet.suvmusic, inputType=0, inputTypeString=NULL, enableLearning=false, autoCorrection=false, autoComplete=false, imeOptions=0, privateImeOptions=null, actionName=UNSPECIFIED, actionLabel=null, initialSelStart=-1, initialSelEnd=-1, initialCapsMode=0, label=null, fieldId=0, fieldName=null, extras=null, hintText=null, hintLocales=[]}}, false)
03-29 13:15:14.886  2460  5408 W PackageConfigPersister: App-specific configuration not found for packageName: com.suvojeet.suvmusic and userId: 0
03-29 13:15:15.569  2460  5408 D MediaSessionService: onSessionPlaybackStateChanged: record=com.suvojeet.suvmusic/androidx.media3.session.id./59 (userId=0) playbackState=PlaybackState {state=PLAYING(3), position=76067, buffered position=113621, speed=1.0, updated=79873602, actions=7340027, custom actions=[Action:mName='Shuffle, mIcon=2131231119, mExtras=Bundle[EMPTY_PARCEL], Action:mName='Like, mIcon=2131230967, mExtras=Bundle[EMPTY_PARCEL], Action:mName='Repeat, mIcon=2131231115, mExtras=Bundle[EMPTY_PARCEL], Action:mName='Start Radio, mIcon=2131231114, mExtras=Bundle[EMPTY_PARCEL]], active item id=15, error=null}
03-29 13:15:17.477  2460  5408 D CoreBackPreview: Window{451c86d u0 com.suvojeet.suvmusic/com.suvojeet.suvmusic.MainActivity}: Setting back callback OnBackInvokedCallbackInfo{mCallback=android.window.IOnBackInvokedCallback$Stub$Proxy@cc7e601, mPriority=0, mIsAnimationCallback=true, mOverrideBehavior=0}
03-29 13:15:18.587  2460  5408 D MediaSessionService: onSessionPlaybackStateChanged: record=com.suvojeet.suvmusic/androidx.media3.session.id./59 (userId=0) playbackState=PlaybackState {state=PLAYING(3), position=79081, buffered position=113621, speed=1.0, updated=79876621, actions=7340027, custom actions=[Action:mName='Shuffle, mIcon=2131231119, mExtras=Bundle[EMPTY_PARCEL], Action:mName='Like, mIcon=2131230967, mExtras=Bundle[EMPTY_PARCEL], Action:mName='Repeat, mIcon=2131231115, mExtras=Bundle[EMPTY_PARCEL], Action:mName='Start Radio, mIcon=2131231114, mExtras=Bundle[EMPTY_PARCEL]], active item id=15, error=null}
03-29 13:15:19.086  2460  5928 D CoreBackPreview: Window{5868acf u0 com.suvojeet.suvmusic/com.suvojeet.suvmusic.MainActivity}: Setting back callback OnBackInvokedCallbackInfo{mCallback=android.window.IOnBackInvokedCallback$Stub$Proxy@b2a3606, mPriority=-1, mIsAnimationCallback=false, mOverrideBehavior=0}
03-29 13:15:19.165  2460  2657 I ImeTracker: com.suvojeet.suvmusic:e504a71: onRequestHide at ORIGIN_SERVER reason HIDE_UNSPECIFIED_WINDOW fromUser false
03-29 13:15:19.166  6890  6890 I ImeTracker: com.suvojeet.suvmusic:e504a71: onCancelled at PHASE_CLIENT_ALREADY_HIDDEN
03-29 13:15:19.173  5169  5169 I GoogleInputMethodService: GoogleInputMethodService.onStartInput():1385 onStartInput(EditorInfo{EditorInfo{packageName=com.suvojeet.suvmusic, inputType=0, inputTypeString=NULL, enableLearning=false, autoCorrection=false, autoComplete=false, imeOptions=0, privateImeOptions=null, actionName=UNSPECIFIED, actionLabel=null, initialSelStart=-1, initialSelEnd=-1, initialCapsMode=0, label=null, fieldId=0, fieldName=null, extras=null, hintText=null, hintLocales=[]}}, false)
03-29 13:15:19.178  2460  5928 W PackageConfigPersister: App-specific configuration not found for packageName: com.suvojeet.suvmusic and userId: 0
03-29 13:15:19.235  2460  5408 D CoreBackPreview: Window{5868acf u0 com.suvojeet.suvmusic/com.suvojeet.suvmusic.MainActivity}: Setting back callback OnBackInvokedCallbackInfo{mCallback=android.window.IOnBackInvokedCallback$Stub$Proxy@d23ac92, mPriority=0, mIsAnimationCallback=true, mOverrideBehavior=0}
03-29 13:15:20.026  2460  5928 D CoreBackPreview: Window{5868acf u0 com.suvojeet.suvmusic/com.suvojeet.suvmusic.MainActivity}: Setting back callback OnBackInvokedCallbackInfo{mCallback=android.window.IOnBackInvokedCallback$Stub$Proxy@1b12663, mPriority=-1, mIsAnimationCallback=false, mOverrideBehavior=0}
03-29 13:15:20.251  2460  5928 D CoreBackPreview: Window{5868acf u0 com.suvojeet.suvmusic/com.suvojeet.suvmusic.MainActivity}: Setting back callback null
03-29 13:15:20.276  2460  5928 D CoreBackPreview: Window{4945c51 u0 com.suvojeet.suvmusic/com.suvojeet.suvmusic.MainActivity}: Setting back callback OnBackInvokedCallbackInfo{mCallback=android.window.IOnBackInvokedCallback$Stub$Proxy@7467390, mPriority=-1, mIsAnimationCallback=false, mOverrideBehavior=0}
03-29 13:15:20.349  2460  2657 I ImeTracker: com.suvojeet.suvmusic:4deb780: onRequestHide at ORIGIN_SERVER reason HIDE_UNSPECIFIED_WINDOW fromUser false
03-29 13:15:20.350  6890  6890 I ImeTracker: com.suvojeet.suvmusic:4deb780: onCancelled at PHASE_CLIENT_ALREADY_HIDDEN
03-29 13:15:20.353  5169  5169 I GoogleInputMethodService: GoogleInputMethodService.onStartInput():1385 onStartInput(EditorInfo{EditorInfo{packageName=com.suvojeet.suvmusic, inputType=0, inputTypeString=NULL, enableLearning=false, autoCorrection=false, autoComplete=false, imeOptions=0, privateImeOptions=null, actionName=UNSPECIFIED, actionLabel=null, initialSelStart=-1, initialSelEnd=-1, initialCapsMode=0, label=null, fieldId=0, fieldName=null, extras=null, hintText=null, hintLocales=[]}}, false)
03-29 13:15:20.357  2460  5408 W PackageConfigPersister: App-specific configuration not found for packageName: com.suvojeet.suvmusic and userId: 0
03-29 13:15:20.437  2460  5928 D CoreBackPreview: Window{4945c51 u0 com.suvojeet.suvmusic/com.suvojeet.suvmusic.MainActivity}: Setting back callback OnBackInvokedCallbackInfo{mCallback=android.window.IOnBackInvokedCallback$Stub$Proxy@ac738bc, mPriority=0, mIsAnimationCallback=true, mOverrideBehavior=0}
03-29 13:15:21.590  2460  5408 D MediaSessionService: onSessionPlaybackStateChanged: record=com.suvojeet.suvmusic/androidx.media3.session.id./59 (userId=0) playbackState=PlaybackState {state=PLAYING(3), position=82084, buffered position=113621, speed=1.0, updated=79879623, actions=7340027, custom actions=[Action:mName='Shuffle, mIcon=2131231119, mExtras=Bundle[EMPTY_PARCEL], Action:mName='Like, mIcon=2131230967, mExtras=Bundle[EMPTY_PARCEL], Action:mName='Repeat, mIcon=2131231115, mExtras=Bundle[EMPTY_PARCEL], Action:mName='Start Radio, mIcon=2131231114, mExtras=Bundle[EMPTY_PARCEL]], active item id=15, error=null}
03-29 13:15:21.678  2460  5408 D CoreBackPreview: startBackNavigation currentTask=Task{874d20b #1349 type=standard A=10289:com.suvojeet.suvmusic}, topRunningActivity=ActivityRecord{102501253 u0 com.suvojeet.suvmusic/.MainActivity t1349}, callbackInfo=OnBackInvokedCallbackInfo{mCallback=android.window.IOnBackInvokedCallback$Stub$Proxy@ac738bc, mPriority=0, mIsAnimationCallback=true, mOverrideBehavior=0}, currentFocus=Window{4945c51 u0 com.suvojeet.suvmusic/com.suvojeet.suvmusic.MainActivity}
03-29 13:15:21.723  2460  5408 I InputDispatcher: Channel [Gesture Monitor] edge-swipe is stealing input gesture for device 3 from [4945c51 com.suvojeet.suvmusic/com.suvojeet.suvmusic.MainActivity, [Gesture Monitor] swipe-up]
03-29 13:15:21.958  2460  5408 D CoreBackPreview: Window{4945c51 u0 com.suvojeet.suvmusic/com.suvojeet.suvmusic.MainActivity}: Setting back callback OnBackInvokedCallbackInfo{mCallback=android.window.IOnBackInvokedCallback$Stub$Proxy@784a045, mPriority=-1, mIsAnimationCallback=false, mOverrideBehavior=0}
03-29 13:15:22.157  2460  5955 D CoreBackPreview: Window{4945c51 u0 com.suvojeet.suvmusic/com.suvojeet.suvmusic.MainActivity}: Setting back callback null
03-29 13:15:22.202  2460  2657 I ImeTracker: com.suvojeet.suvmusic:717b4e5d: onRequestHide at ORIGIN_SERVER reason HIDE_UNSPECIFIED_WINDOW fromUser false
03-29 13:15:22.203  6890  6890 I ImeTracker: com.suvojeet.suvmusic:717b4e5d: onCancelled at PHASE_CLIENT_ALREADY_HIDDEN
03-29 13:15:22.207  5169  5169 I GoogleInputMethodService: GoogleInputMethodService.onStartInput():1385 onStartInput(EditorInfo{EditorInfo{packageName=com.suvojeet.suvmusic, inputType=0, inputTypeString=NULL, enableLearning=false, autoCorrection=false, autoComplete=false, imeOptions=0, privateImeOptions=null, actionName=UNSPECIFIED, actionLabel=null, initialSelStart=-1, initialSelEnd=-1, initialCapsMode=0, label=null, fieldId=0, fieldName=null, extras=null, hintText=null, hintLocales=[]}}, false)
03-29 13:15:22.211  2460  5368 W PackageConfigPersister: App-specific configuration not found for packageName: com.suvojeet.suvmusic and userId: 0
03-29 13:15:24.115  2460  5368 D CoreBackPreview: startBackNavigation currentTask=Task{874d20b #1349 type=standard A=10289:com.suvojeet.suvmusic}, topRunningActivity=ActivityRecord{102501253 u0 com.suvojeet.suvmusic/.MainActivity t1349}, callbackInfo=OnBackInvokedCallbackInfo{mCallback=android.window.IOnBackInvokedCallback$Stub$Proxy@cc7e601, mPriority=0, mIsAnimationCallback=true, mOverrideBehavior=0}, currentFocus=Window{451c86d u0 com.suvojeet.suvmusic/com.suvojeet.suvmusic.MainActivity}
03-29 13:15:24.179  2460  5368 I InputDispatcher: Channel [Gesture Monitor] edge-swipe is stealing input gesture for device 3 from [451c86d com.suvojeet.suvmusic/com.suvojeet.suvmusic.MainActivity, [Gesture Monitor] swipe-up]
03-29 13:15:24.597  2460  5955 D MediaSessionService: onSessionPlaybackStateChanged: record=com.suvojeet.suvmusic/androidx.media3.session.id./59 (userId=0) playbackState=PlaybackState {state=PLAYING(3), position=85089, buffered position=113621, speed=1.0, updated=79882630, actions=7340027, custom actions=[Action:mName='Shuffle, mIcon=2131231119, mExtras=Bundle[EMPTY_PARCEL], Action:mName='Like, mIcon=2131230967, mExtras=Bundle[EMPTY_PARCEL], Action:mName='Repeat, mIcon=2131231115, mExtras=Bundle[EMPTY_PARCEL], Action:mName='Start Radio, mIcon=2131231114, mExtras=Bundle[EMPTY_PARCEL]], active item id=15, error=null}
03-29 13:15:25.165  2460  5955 D MediaSessionService: onSessionPlaybackStateChanged: record=com.suvojeet.suvmusic/androidx.media3.session.id./59 (userId=0) playbackState=PlaybackState {state=BUFFERING(6), position=0, buffered position=0, speed=0.0, updated=79883199, actions=7339699, custom actions=[Action:mName='Shuffle, mIcon=2131231119, mExtras=Bundle[EMPTY_PARCEL], Action:mName='Like, mIcon=2131230967, mExtras=Bundle[EMPTY_PARCEL], Action:mName='Repeat, mIcon=2131231115, mExtras=Bundle[EMPTY_PARCEL], Action:mName='Start Radio, mIcon=2131231114, mExtras=Bundle[EMPTY_PARCEL]], active item id=16, error=null}
03-29 13:15:25.167  2460  5955 D MediaSessionService: onSessionPlaybackStateChanged: record=com.suvojeet.suvmusic/androidx.media3.session.id./59 (userId=0) playbackState=PlaybackState {state=BUFFERING(6), position=0, buffered position=0, speed=0.0, updated=79883200, actions=7339699, custom actions=[Action:mName='Shuffle, mIcon=2131231119, mExtras=Bundle[EMPTY_PARCEL], Action:mName='Like, mIcon=2131230967, mExtras=Bundle[EMPTY_PARCEL], Action:mName='Repeat, mIcon=2131231115, mExtras=Bundle[EMPTY_PARCEL], Action:mName='Start Radio, mIcon=2131231114, mExtras=Bundle[EMPTY_PARCEL]], active item id=16, error=null}
03-29 13:15:25.170  2460  5368 D MediaSessionService: onSessionPlaybackStateChanged: record=com.suvojeet.suvmusic/androidx.media3.session.id./59 (userId=0) playbackState=PlaybackState {state=BUFFERING(6), position=0, buffered position=0, speed=0.0, updated=79883203, actions=7339699, custom actions=[Action:mName='Shuffle, mIcon=2131231119, mExtras=Bundle[EMPTY_PARCEL], Action:mName='Like, mIcon=2131230967, mExtras=Bundle[EMPTY_PARCEL], Action:mName='Repeat, mIcon=2131231115, mExtras=Bundle[EMPTY_PARCEL], Action:mName='Start Radio, mIcon=2131231114, mExtras=Bundle[EMPTY_PARCEL]], active item id=16, error=null}
03-29 13:15:25.171  2460  5955 D MediaSessionService: onSessionPlaybackStateChanged: record=com.suvojeet.suvmusic/androidx.media3.session.id./59 (userId=0) playbackState=PlaybackState {state=BUFFERING(6), position=0, buffered position=0, speed=0.0, updated=79883204, actions=7339699, custom actions=[Action:mName='Shuffle, mIcon=2131231119, mExtras=Bundle[EMPTY_PARCEL], Action:mName='Like, mIcon=2131230967, mExtras=Bundle[EMPTY_PARCEL], Action:mName='Repeat, mIcon=2131231115, mExtras=Bundle[EMPTY_PARCEL], Action:mName='Start Radio, mIcon=2131231114, mExtras=Bundle[EMPTY_PARCEL]], active item id=16, error=null}
03-29 13:15:25.172  2460  5408 D MediaSessionService: onSessionPlaybackStateChanged: record=com.suvojeet.suvmusic/androidx.media3.session.id./59 (userId=0) playbackState=PlaybackState {state=BUFFERING(6), position=0, buffered position=0, speed=0.0, updated=79883205, actions=7339699, custom actions=[Action:mName='Shuffle, mIcon=2131231119, mExtras=Bundle[EMPTY_PARCEL], Action:mName='Like, mIcon=2131230967, mExtras=Bundle[EMPTY_PARCEL], Action:mName='Repeat, mIcon=2131231115, mExtras=Bundle[EMPTY_PARCEL], Action:mName='Start Radio, mIcon=2131231114, mExtras=Bundle[EMPTY_PARCEL]], active item id=16, error=null}
03-29 13:15:25.173  2460  5408 D MediaSessionService: onSessionPlaybackStateChanged: record=com.suvojeet.suvmusic/androidx.media3.session.id./59 (userId=0) playbackState=PlaybackState {state=BUFFERING(6), position=0, buffered position=0, speed=0.0, updated=79883206, actions=7339699, custom actions=[Action:mName='Shuffle, mIcon=2131231119, mExtras=Bundle[EMPTY_PARCEL], Action:mName='Like, mIcon=2131230967, mExtras=Bundle[EMPTY_PARCEL], Action:mName='Repeat, mIcon=2131231115, mExtras=Bundle[EMPTY_PARCEL], Action:mName='Start Radio, mIcon=2131231114, mExtras=Bundle[EMPTY_PARCEL]], active item id=16, error=null}
03-29 13:15:25.174  2460  5955 D MediaSessionService: onSessionPlaybackStateChanged: record=com.suvojeet.suvmusic/androidx.media3.session.id./59 (userId=0) playbackState=PlaybackState {state=BUFFERING(6), position=0, buffered position=0, speed=0.0, updated=79883207, actions=7339699, custom actions=[Action:mName='Shuffle, mIcon=2131231119, mExtras=Bundle[EMPTY_PARCEL], Action:mName='Like, mIcon=2131230967, mExtras=Bundle[EMPTY_PARCEL], Action:mName='Repeat, mIcon=2131231115, mExtras=Bundle[EMPTY_PARCEL], Action:mName='Start Radio, mIcon=2131231114, mExtras=Bundle[EMPTY_PARCEL]], active item id=16, error=null}
03-29 13:15:25.175  2460  5408 D MediaSessionService: onSessionPlaybackStateChanged: record=com.suvojeet.suvmusic/androidx.media3.session.id./59 (userId=0) playbackState=PlaybackState {state=BUFFERING(6), position=0, buffered position=0, speed=0.0, updated=79883208, actions=7339699, custom actions=[Action:mName='Shuffle, mIcon=2131231119, mExtras=Bundle[EMPTY_PARCEL], Action:mName='Like, mIcon=2131230967, mExtras=Bundle[EMPTY_PARCEL], Action:mName='Repeat, mIcon=2131231115, mExtras=Bundle[EMPTY_PARCEL], Action:mName='Start Radio, mIcon=2131231114, mExtras=Bundle[EMPTY_PARCEL]], active item id=16, error=null}
03-29 13:15:25.176 14384 14384 W MediaPlayerWrapper: onPlaybackStateChanged(): com.suvojeet.suvmusic tried to update with no new data
03-29 13:15:25.177 14384 14384 W MediaPlayerWrapper: onMetadataChanged(): com.suvojeet.suvmusic tried to update with no new data
03-29 13:15:25.178 14384 14384 W MediaPlayerWrapper: onPlaybackStateChanged(): com.suvojeet.suvmusic tried to update with no new data
03-29 13:15:25.180 14384 14384 W MediaPlayerWrapper: onPlaybackStateChanged(): com.suvojeet.suvmusic tried to update with no new data
03-29 13:15:25.186 14384 14384 W MediaPlayerWrapper: onPlaybackStateChanged(): com.suvojeet.suvmusic tried to update with no new data
03-29 13:15:25.187 14384 14384 W MediaPlayerWrapper: onPlaybackStateChanged(): com.suvojeet.suvmusic tried to update with no new data
03-29 13:15:25.189 14384 14384 W MediaPlayerWrapper: onPlaybackStateChanged(): com.suvojeet.suvmusic tried to update with no new data
03-29 13:15:25.191 14384 14384 W MediaPlayerWrapper: onPlaybackStateChanged(): com.suvojeet.suvmusic tried to update with no new data
03-29 13:15:25.225  2460  5955 D MediaSessionService: onSessionPlaybackStateChanged: record=com.suvojeet.suvmusic/androidx.media3.session.id./59 (userId=0) playbackState=PlaybackState {state=BUFFERING(6), position=0, buffered position=-9223372036854775807, speed=0.0, updated=79883259, actions=7339699, custom actions=[Action:mName='Shuffle, mIcon=2131231119, mExtras=Bundle[EMPTY_PARCEL], Action:mName='Like, mIcon=2131230967, mExtras=Bundle[EMPTY_PARCEL], Action:mName='Repeat, mIcon=2131231115, mExtras=Bundle[EMPTY_PARCEL], Action:mName='Start Radio, mIcon=2131231114, mExtras=Bundle[EMPTY_PARCEL]], active item id=16, error=null}
03-29 13:15:25.227 14384 14384 W MediaPlayerWrapper: onPlaybackStateChanged(): com.suvojeet.suvmusic tried to update with no new data
03-29 13:15:25.235 14384 14384 W MediaPlayerWrapper: onQueueChanged(): com.suvojeet.suvmusic tried to update with no new data
03-29 13:15:25.250  2460  5955 D MediaSessionService: onSessionPlaybackStateChanged: record=com.suvojeet.suvmusic/androidx.media3.session.id./59 (userId=0) playbackState=PlaybackState {state=BUFFERING(6), position=0, buffered position=0, speed=0.0, updated=79883283, actions=7339699, custom actions=[Action:mName='Shuffle, mIcon=2131231119, mExtras=Bundle[EMPTY_PARCEL], Action:mName='Like, mIcon=2131230967, mExtras=Bundle[EMPTY_PARCEL], Action:mName='Repeat, mIcon=2131231115, mExtras=Bundle[EMPTY_PARCEL], Action:mName='Start Radio, mIcon=2131231114, mExtras=Bundle[EMPTY_PARCEL]], active item id=16, error=null}
03-29 13:15:25.252 14384 14384 W MediaPlayerWrapper: onPlaybackStateChanged(): com.suvojeet.suvmusic tried to update with no new data
03-29 13:15:25.709  2460  5928 D MediaSessionService: onSessionPlaybackStateChanged: record=com.suvojeet.suvmusic/androidx.media3.session.id./59 (userId=0) playbackState=PlaybackState {state=BUFFERING(6), position=0, buffered position=0, speed=0.0, updated=79883742, actions=7340027, custom actions=[Action:mName='Shuffle, mIcon=2131231119, mExtras=Bundle[EMPTY_PARCEL], Action:mName='Like, mIcon=2131230967, mExtras=Bundle[EMPTY_PARCEL], Action:mName='Repeat, mIcon=2131231115, mExtras=Bundle[EMPTY_PARCEL], Action:mName='Start Radio, mIcon=2131231114, mExtras=Bundle[EMPTY_PARCEL]], active item id=16, error=null}
03-29 13:15:25.713 14384 14384 W MediaPlayerWrapper: onQueueChanged(): com.suvojeet.suvmusic tried to update with no new data
03-29 13:15:25.717 14384 14384 W MediaPlayerWrapper: onPlaybackStateChanged(): com.suvojeet.suvmusic tried to update with no new data
03-29 13:15:25.832  2460  5408 D MediaSessionService: onSessionPlaybackStateChanged: record=com.suvojeet.suvmusic/androidx.media3.session.id./59 (userId=0) playbackState=PlaybackState {state=PLAYING(3), position=0, buffered position=1881, speed=1.0, updated=79883859, actions=7340027, custom actions=[Action:mName='Shuffle, mIcon=2131231119, mExtras=Bundle[EMPTY_PARCEL], Action:mName='Like, mIcon=2131230967, mExtras=Bundle[EMPTY_PARCEL], Action:mName='Repeat, mIcon=2131231115, mExtras=Bundle[EMPTY_PARCEL], Action:mName='Start Radio, mIcon=2131231114, mExtras=Bundle[EMPTY_PARCEL]], active item id=16, error=null}
03-29 13:15:25.834  2460  5408 D MediaSessionService: onSessionPlaybackStateChanged: record=com.suvojeet.suvmusic/androidx.media3.session.id./59 (userId=0) playbackState=PlaybackState {state=PLAYING(3), position=0, buffered position=1881, speed=1.0, updated=79883867, actions=7340027, custom actions=[Action:mName='Shuffle, mIcon=2131231119, mExtras=Bundle[EMPTY_PARCEL], Action:mName='Like, mIcon=2131230967, mExtras=Bundle[EMPTY_PARCEL], Action:mName='Repeat, mIcon=2131231115, mExtras=Bundle[EMPTY_PARCEL], Action:mName='Start Radio, mIcon=2131231114, mExtras=Bundle[EMPTY_PARCEL]], active item id=16, error=null}
03-29 13:15:25.843  2460  5928 D MediaSessionService: onSessionPlaybackStateChanged: record=com.suvojeet.suvmusic/androidx.media3.session.id./59 (userId=0) playbackState=PlaybackState {state=PLAYING(3), position=0, buffered position=1881, speed=1.0, updated=79883875, actions=7340027, custom actions=[Action:mName='Shuffle, mIcon=2131231119, mExtras=Bundle[EMPTY_PARCEL], Action:mName='Like, mIcon=2131230967, mExtras=Bundle[EMPTY_PARCEL], Action:mName='Repeat, mIcon=2131231115, mExtras=Bundle[EMPTY_PARCEL], Action:mName='Start Radio, mIcon=2131231114, mExtras=Bundle[EMPTY_PARCEL]], active item id=16, error=null}
03-29 13:15:25.845  2460  5928 D MediaSessionService: onSessionPlaybackStateChanged: record=com.suvojeet.suvmusic/androidx.media3.session.id./59 (userId=0) playbackState=PlaybackState {state=PLAYING(3), position=0, buffered position=1881, speed=1.0, updated=79883878, actions=7340027, custom actions=[Action:mName='Shuffle, mIcon=2131231119, mExtras=Bundle[EMPTY_PARCEL], Action:mName='Like, mIcon=2131230967, mExtras=Bundle[EMPTY_PARCEL], Action:mName='Repeat, mIcon=2131231115, mExtras=Bundle[EMPTY_PARCEL], Action:mName='Start Radio, mIcon=2131231114, mExtras=Bundle[EMPTY_PARCEL]], active item id=16, error=null}
03-29 13:15:25.846 14384 14384 W MediaPlayerWrapper: onPlaybackStateChanged(): com.suvojeet.suvmusic tried to update with no new data
03-29 13:15:25.848 14384 14384 W MediaPlayerWrapper: onPlaybackStateChanged(): com.suvojeet.suvmusic tried to update with no new data
03-29 13:15:25.849 14384 14384 W MediaPlayerWrapper: onPlaybackStateChanged(): com.suvojeet.suvmusic tried to update with no new data
03-29 13:15:28.541  2460  5915 D MediaSessionService: onSessionPlaybackStateChanged: record=com.suvojeet.suvmusic/androidx.media3.session.id./59 (userId=0) playbackState=PlaybackState {state=BUFFERING(6), position=0, buffered position=0, speed=0.0, updated=79886574, actions=7340027, custom actions=[Action:mName='Shuffle, mIcon=2131231119, mExtras=Bundle[EMPTY_PARCEL], Action:mName='Like, mIcon=2131230967, mExtras=Bundle[EMPTY_PARCEL], Action:mName='Repeat, mIcon=2131231115, mExtras=Bundle[EMPTY_PARCEL], Action:mName='Start Radio, mIcon=2131231114, mExtras=Bundle[EMPTY_PARCEL]], active item id=15, error=null}
03-29 13:15:28.543  2460  5928 D MediaSessionService: onSessionPlaybackStateChanged: record=com.suvojeet.suvmusic/androidx.media3.session.id./59 (userId=0) playbackState=PlaybackState {state=BUFFERING(6), position=0, buffered position=0, speed=0.0, updated=79886576, actions=7340027, custom actions=[Action:mName='Shuffle, mIcon=2131231119, mExtras=Bundle[EMPTY_PARCEL], Action:mName='Like, mIcon=2131230967, mExtras=Bundle[EMPTY_PARCEL], Action:mName='Repeat, mIcon=2131231115, mExtras=Bundle[EMPTY_PARCEL], Action:mName='Start Radio, mIcon=2131231114, mExtras=Bundle[EMPTY_PARCEL]], active item id=15, error=null}
03-29 13:15:28.552 14384 14384 W MediaPlayerWrapper: onMetadataChanged(): com.suvojeet.suvmusic tried to update with no new data
03-29 13:15:28.554  2460  5915 D MediaSessionService: onSessionPlaybackStateChanged: record=com.suvojeet.suvmusic/androidx.media3.session.id./59 (userId=0) playbackState=PlaybackState {state=BUFFERING(6), position=0, buffered position=0, speed=0.0, updated=79886587, actions=7340027, custom actions=[Action:mName='Shuffle, mIcon=2131231119, mExtras=Bundle[EMPTY_PARCEL], Action:mName='Like, mIcon=2131230967, mExtras=Bundle[EMPTY_PARCEL], Action:mName='Repeat, mIcon=2131231115, mExtras=Bundle[EMPTY_PARCEL], Action:mName='Start Radio, mIcon=2131231114, mExtras=Bundle[EMPTY_PARCEL]], active item id=15, error=null}
03-29 13:15:28.555  2460  5368 D MediaSessionService: onSessionPlaybackStateChanged: record=com.suvojeet.suvmusic/androidx.media3.session.id./59 (userId=0) playbackState=PlaybackState {state=BUFFERING(6), position=0, buffered position=0, speed=0.0, updated=79886589, actions=7340027, custom actions=[Action:mName='Shuffle, mIcon=2131231119, mExtras=Bundle[EMPTY_PARCEL], Action:mName='Like, mIcon=2131230967, mExtras=Bundle[EMPTY_PARCEL], Action:mName='Repeat, mIcon=2131231115, mExtras=Bundle[EMPTY_PARCEL], Action:mName='Start Radio, mIcon=2131231114, mExtras=Bundle[EMPTY_PARCEL]], active item id=15, error=null}
03-29 13:15:28.556  2460  5915 D MediaSessionService: onSessionPlaybackStateChanged: record=com.suvojeet.suvmusic/androidx.media3.session.id./59 (userId=0) playbackState=PlaybackState {state=BUFFERING(6), position=0, buffered position=0, speed=0.0, updated=79886589, actions=7340027, custom actions=[Action:mName='Shuffle, mIcon=2131231119, mExtras=Bundle[EMPTY_PARCEL], Action:mName='Like, mIcon=2131230967, mExtras=Bundle[EMPTY_PARCEL], Action:mName='Repeat, mIcon=2131231115, mExtras=Bundle[EMPTY_PARCEL], Action:mName='Start Radio, mIcon=2131231114, mExtras=Bundle[EMPTY_PARCEL]], active item id=15, error=null}
03-29 13:15:28.557  2460  5955 D MediaSessionService: onSessionPlaybackStateChanged: record=com.suvojeet.suvmusic/androidx.media3.session.id./59 (userId=0) playbackState=PlaybackState {state=BUFFERING(6), position=0, buffered position=0, speed=0.0, updated=79886590, actions=7340027, custom actions=[Action:mName='Shuffle, mIcon=2131231119, mExtras=Bundle[EMPTY_PARCEL], Action:mName='Like, mIcon=2131230967, mExtras=Bundle[EMPTY_PARCEL], Action:mName='Repeat, mIcon=2131231115, mExtras=Bundle[EMPTY_PARCEL], Action:mName='Start Radio, mIcon=2131231114, mExtras=Bundle[EMPTY_PARCEL]], active item id=15, error=null}
03-29 13:15:28.557 14384 14384 W MediaPlayerWrapper: onPlaybackStateChanged(): com.suvojeet.suvmusic tried to update with no new data
03-29 13:15:28.558 14384 14384 W MediaPlayerWrapper: onPlaybackStateChanged(): com.suvojeet.suvmusic tried to update with no new data
03-29 13:15:28.559 14384 14384 W MediaPlayerWrapper: onPlaybackStateChanged(): com.suvojeet.suvmusic tried to update with no new data
03-29 13:15:28.559  2460  5915 D MediaSessionService: onSessionPlaybackStateChanged: record=com.suvojeet.suvmusic/androidx.media3.session.id./59 (userId=0) playbackState=PlaybackState {state=BUFFERING(6), position=0, buffered position=0, speed=0.0, updated=79886591, actions=7340027, custom actions=[Action:mName='Shuffle, mIcon=2131231119, mExtras=Bundle[EMPTY_PARCEL], Action:mName='Like, mIcon=2131230967, mExtras=Bundle[EMPTY_PARCEL], Action:mName='Repeat, mIcon=2131231115, mExtras=Bundle[EMPTY_PARCEL], Action:mName='Start Radio, mIcon=2131231114, mExtras=Bundle[EMPTY_PARCEL]], active item id=15, error=null}
03-29 13:15:28.561 14384 14384 W MediaPlayerWrapper: onPlaybackStateChanged(): com.suvojeet.suvmusic tried to update with no new data
03-29 13:15:28.563 14384 14384 W MediaPlayerWrapper: onPlaybackStateChanged(): com.suvojeet.suvmusic tried to update with no new data
03-29 13:15:28.717  2460  2607 D MediaSessionService: onSessionPlaybackStateChanged: record=com.suvojeet.suvmusic/androidx.media3.session.id./59 (userId=0) playbackState=PlaybackState {state=BUFFERING(6), position=0, buffered position=357021, speed=0.0, updated=79886750, actions=7340027, custom actions=[Action:mName='Shuffle, mIcon=2131231119, mExtras=Bundle[EMPTY_PARCEL], Action:mName='Like, mIcon=2131230967, mExtras=Bundle[EMPTY_PARCEL], Action:mName='Repeat, mIcon=2131231115, mExtras=Bundle[EMPTY_PARCEL], Action:mName='Start Radio, mIcon=2131231114, mExtras=Bundle[EMPTY_PARCEL]], active item id=15, error=null}
03-29 13:15:28.729 14384 14384 W MediaPlayerWrapper: onPlaybackStateChanged(): com.suvojeet.suvmusic tried to update with no new data
03-29 13:15:28.752  2460  2607 D MediaSessionService: onSessionPlaybackStateChanged: record=com.suvojeet.suvmusic/androidx.media3.session.id./59 (userId=0) playbackState=PlaybackState {state=PLAYING(3), position=0, buffered position=57501, speed=1.0, updated=79886786, actions=7340027, custom actions=[Action:mName='Shuffle, mIcon=2131231119, mExtras=Bundle[EMPTY_PARCEL], Action:mName='Like, mIcon=2131230967, mExtras=Bundle[EMPTY_PARCEL], Action:mName='Repeat, mIcon=2131231115, mExtras=Bundle[EMPTY_PARCEL], Action:mName='Start Radio, mIcon=2131231114, mExtras=Bundle[EMPTY_PARCEL]], active item id=15, error=null}
03-29 13:15:28.755  2460  5955 D MediaSessionService: onSessionPlaybackStateChanged: record=com.suvojeet.suvmusic/androidx.media3.session.id./59 (userId=0) playbackState=PlaybackState {state=PLAYING(3), position=0, buffered position=57501, speed=1.0, updated=79886788, actions=7340027, custom actions=[Action:mName='Shuffle, mIcon=2131231119, mExtras=Bundle[EMPTY_PARCEL], Action:mName='Like, mIcon=2131230967, mExtras=Bundle[EMPTY_PARCEL], Action:mName='Repeat, mIcon=2131231115, mExtras=Bundle[EMPTY_PARCEL], Action:mName='Start Radio, mIcon=2131231114, mExtras=Bundle[EMPTY_PARCEL]], active item id=15, error=null}
03-29 13:15:28.757  2460  2607 D MediaSessionService: onSessionPlaybackStateChanged: record=com.suvojeet.suvmusic/androidx.media3.session.id./59 (userId=0) playbackState=PlaybackState {state=PLAYING(3), position=0, buffered position=57501, speed=1.0, updated=79886790, actions=7340027, custom actions=[Action:mName='Shuffle, mIcon=2131231119, mExtras=Bundle[EMPTY_PARCEL], Action:mName='Like, mIcon=2131230967, mExtras=Bundle[EMPTY_PARCEL], Action:mName='Repeat, mIcon=2131231115, mExtras=Bundle[EMPTY_PARCEL], Action:mName='Start Radio, mIcon=2131231114, mExtras=Bundle[EMPTY_PARCEL]], active item id=15, error=null}
03-29 13:15:28.759  2460  5955 D MediaSessionService: onSessionPlaybackStateChanged: record=com.suvojeet.suvmusic/androidx.media3.session.id./59 (userId=0) playbackState=PlaybackState {state=PLAYING(3), position=0, buffered position=57501, speed=1.0, updated=79886792, actions=7340027, custom actions=[Action:mName='Shuffle, mIcon=2131231119, mExtras=Bundle[EMPTY_PARCEL], Action:mName='Like, mIcon=2131230967, mExtras=Bundle[EMPTY_PARCEL], Action:mName='Repeat, mIcon=2131231115, mExtras=Bundle[EMPTY_PARCEL], Action:mName='Start Radio, mIcon=2131231114, mExtras=Bundle[EMPTY_PARCEL]], active item id=15, error=null}
03-29 13:15:28.760 14384 14384 W MediaPlayerWrapper: onPlaybackStateChanged(): com.suvojeet.suvmusic tried to update with no new data
03-29 13:15:28.761 14384 14384 W MediaPlayerWrapper: onPlaybackStateChanged(): com.suvojeet.suvmusic tried to update with no new data
03-29 13:15:28.769 14384 14384 W MediaPlayerWrapper: onPlaybackStateChanged(): com.suvojeet.suvmusic tried to update with no new data
03-29 13:15:28.794  2460  5955 D MediaSessionService: onSessionPlaybackStateChanged: record=com.suvojeet.suvmusic/androidx.media3.session.id./59 (userId=0) playbackState=PlaybackState {state=PLAYING(3), position=0, buffered position=57501, speed=1.0, updated=79886828, actions=7340027, custom actions=[Action:mName='Shuffle, mIcon=2131231119, mExtras=Bundle[EMPTY_PARCEL], Action:mName='Like, mIcon=2131230967, mExtras=Bundle[EMPTY_PARCEL], Action:mName='Repeat, mIcon=2131231115, mExtras=Bundle[EMPTY_PARCEL], Action:mName='Start Radio, mIcon=2131231114, mExtras=Bundle[EMPTY_PARCEL]], active item id=15, error=null}
03-29 13:15:28.797 14384 14384 W MediaPlayerWrapper: onPlaybackStateChanged(): com.suvojeet.suvmusic tried to update with no new data
03-29 13:15:30.118  2460  5928 D MediaSessionService: onSessionPlaybackStateChanged: record=com.suvojeet.suvmusic/androidx.media3.session.id./59 (userId=0) playbackState=PlaybackState {state=BUFFERING(6), position=56546, buffered position=57500, speed=0.0, updated=79888151, actions=7340027, custom actions=[Action:mName='Shuffle, mIcon=2131231119, mExtras=Bundle[EMPTY_PARCEL], Action:mName='Like, mIcon=2131230967, mExtras=Bundle[EMPTY_PARCEL], Action:mName='Repeat, mIcon=2131231115, mExtras=Bundle[EMPTY_PARCEL], Action:mName='Start Radio, mIcon=2131231114, mExtras=Bundle[EMPTY_PARCEL]], active item id=15, error=null}
03-29 13:15:30.120  2460  5955 D MediaSessionService: onSessionPlaybackStateChanged: record=com.suvojeet.suvmusic/androidx.media3.session.id./59 (userId=0) playbackState=PlaybackState {state=BUFFERING(6), position=56546, buffered position=57500, speed=0.0, updated=79888154, actions=7340027, custom actions=[Action:mName='Shuffle, mIcon=2131231119, mExtras=Bundle[EMPTY_PARCEL], Action:mName='Like, mIcon=2131230967, mExtras=Bundle[EMPTY_PARCEL], Action:mName='Repeat, mIcon=2131231115, mExtras=Bundle[EMPTY_PARCEL], Action:mName='Start Radio, mIcon=2131231114, mExtras=Bundle[EMPTY_PARCEL]], active item id=15, error=null}
03-29 13:15:30.122  2460  5955 D MediaSessionService: onSessionPlaybackStateChanged: record=com.suvojeet.suvmusic/androidx.media3.session.id./59 (userId=0) playbackState=PlaybackState {state=BUFFERING(6), position=56546, buffered position=57500, speed=0.0, updated=79888155, actions=7340027, custom actions=[Action:mName='Shuffle, mIcon=2131231119, mExtras=Bundle[EMPTY_PARCEL], Action:mName='Like, mIcon=2131230967, mExtras=Bundle[EMPTY_PARCEL], Action:mName='Repeat, mIcon=2131231115, mExtras=Bundle[EMPTY_PARCEL], Action:mName='Start Radio, mIcon=2131231114, mExtras=Bundle[EMPTY_PARCEL]], active item id=15, error=null}
03-29 13:15:30.123  2460  5368 D MediaSessionService: onSessionPlaybackStateChanged: record=com.suvojeet.suvmusic/androidx.media3.session.id./59 (userId=0) playbackState=PlaybackState {state=BUFFERING(6), position=56546, buffered position=57500, speed=0.0, updated=79888157, actions=7340027, custom actions=[Action:mName='Shuffle, mIcon=2131231119, mExtras=Bundle[EMPTY_PARCEL], Action:mName='Like, mIcon=2131230967, mExtras=Bundle[EMPTY_PARCEL], Action:mName='Repeat, mIcon=2131231115, mExtras=Bundle[EMPTY_PARCEL], Action:mName='Start Radio, mIcon=2131231114, mExtras=Bundle[EMPTY_PARCEL]], active item id=15, error=null}
03-29 13:15:30.124  2460  5368 D MediaSessionService: onSessionPlaybackStateChanged: record=com.suvojeet.suvmusic/androidx.media3.session.id./59 (userId=0) playbackState=PlaybackState {state=BUFFERING(6), position=56546, buffered position=57500, speed=0.0, updated=79888158, actions=7340027, custom actions=[Action:mName='Shuffle, mIcon=2131231119, mExtras=Bundle[EMPTY_PARCEL], Action:mName='Like, mIcon=2131230967, mExtras=Bundle[EMPTY_PARCEL], Action:mName='Repeat, mIcon=2131231115, mExtras=Bundle[EMPTY_PARCEL], Action:mName='Start Radio, mIcon=2131231114, mExtras=Bundle[EMPTY_PARCEL]], active item id=15, error=null}
03-29 13:15:30.135 14384 14384 W MediaPlayerWrapper: onPlaybackStateChanged(): com.suvojeet.suvmusic tried to update with no new data
03-29 13:15:30.136 14384 14384 W MediaPlayerWrapper: onPlaybackStateChanged(): com.suvojeet.suvmusic tried to update with no new data
03-29 13:15:30.136 14384 14384 W MediaPlayerWrapper: onPlaybackStateChanged(): com.suvojeet.suvmusic tried to update with no new data
03-29 13:15:30.137 14384 14384 W MediaPlayerWrapper: onPlaybackStateChanged(): com.suvojeet.suvmusic tried to update with no new data
03-29 13:15:30.233  2460  2607 D MediaSessionService: onSessionPlaybackStateChanged: record=com.suvojeet.suvmusic/androidx.media3.session.id./59 (userId=0) playbackState=PlaybackState {state=PLAYING(3), position=56561, buffered position=113621, speed=1.0, updated=79888266, actions=7340027, custom actions=[Action:mName='Shuffle, mIcon=2131231119, mExtras=Bundle[EMPTY_PARCEL], Action:mName='Like, mIcon=2131230967, mExtras=Bundle[EMPTY_PARCEL], Action:mName='Repeat, mIcon=2131231115, mExtras=Bundle[EMPTY_PARCEL], Action:mName='Start Radio, mIcon=2131231114, mExtras=Bundle[EMPTY_PARCEL]], active item id=15, error=null}
03-29 13:15:30.235  2460  5368 D MediaSessionService: onSessionPlaybackStateChanged: record=com.suvojeet.suvmusic/androidx.media3.session.id./59 (userId=0) playbackState=PlaybackState {state=PLAYING(3), position=56561, buffered position=113621, speed=1.0, updated=79888268, actions=7340027, custom actions=[Action:mName='Shuffle, mIcon=2131231119, mExtras=Bundle[EMPTY_PARCEL], Action:mName='Like, mIcon=2131230967, mExtras=Bundle[EMPTY_PARCEL], Action:mName='Repeat, mIcon=2131231115, mExtras=Bundle[EMPTY_PARCEL], Action:mName='Start Radio, mIcon=2131231114, mExtras=Bundle[EMPTY_PARCEL]], active item id=15, error=null}
03-29 13:15:30.237  2460  2607 D MediaSessionService: onSessionPlaybackStateChanged: record=com.suvojeet.suvmusic/androidx.media3.session.id./59 (userId=0) playbackState=PlaybackState {state=PLAYING(3), position=56561, buffered position=113621, speed=1.0, updated=79888270, actions=7340027, custom actions=[Action:mName='Shuffle, mIcon=2131231119, mExtras=Bundle[EMPTY_PARCEL], Action:mName='Like, mIcon=2131230967, mExtras=Bundle[EMPTY_PARCEL], Action:mName='Repeat, mIcon=2131231115, mExtras=Bundle[EMPTY_PARCEL], Action:mName='Start Radio, mIcon=2131231114, mExtras=Bundle[EMPTY_PARCEL]], active item id=15, error=null}
03-29 13:15:30.238  2460  2607 D MediaSessionService: onSessionPlaybackStateChanged: record=com.suvojeet.suvmusic/androidx.media3.session.id./59 (userId=0) playbackState=PlaybackState {state=PLAYING(3), position=56561, buffered position=113621, speed=1.0, updated=79888271, actions=7340027, custom actions=[Action:mName='Shuffle, mIcon=2131231119, mExtras=Bundle[EMPTY_PARCEL], Action:mName='Like, mIcon=2131230967, mExtras=Bundle[EMPTY_PARCEL], Action:mName='Repeat, mIcon=2131231115, mExtras=Bundle[EMPTY_PARCEL], Action:mName='Start Radio, mIcon=2131231114, mExtras=Bundle[EMPTY_PARCEL]], active item id=15, error=null}
03-29 13:15:30.253 14384 14384 W MediaPlayerWrapper: onPlaybackStateChanged(): com.suvojeet.suvmusic tried to update with no new data
03-29 13:15:30.254 14384 14384 W MediaPlayerWrapper: onPlaybackStateChanged(): com.suvojeet.suvmusic tried to update with no new data
03-29 13:15:30.255 14384 14384 W MediaPlayerWrapper: onPlaybackStateChanged(): com.suvojeet.suvmusic tried to update with no new data
03-29 13:15:32.073  2460  2607 D CoreBackPreview: startBackNavigation currentTask=Task{874d20b #1349 type=standard A=10289:com.suvojeet.suvmusic}, topRunningActivity=ActivityRecord{102501253 u0 com.suvojeet.suvmusic/.MainActivity t1349}, callbackInfo=OnBackInvokedCallbackInfo{mCallback=android.window.IOnBackInvokedCallback$Stub$Proxy@cc7e601, mPriority=0, mIsAnimationCallback=true, mOverrideBehavior=0}, currentFocus=Window{451c86d u0 com.suvojeet.suvmusic/com.suvojeet.suvmusic.MainActivity}
03-29 13:15:32.108  2460  2607 I InputDispatcher: Channel [Gesture Monitor] edge-swipe is stealing input gesture for device 3 from [451c86d com.suvojeet.suvmusic/com.suvojeet.suvmusic.MainActivity, [Gesture Monitor] swipe-up]
03-29 13:15:32.857  2460  2607 D CoreBackPreview: Window{75c702a u0 com.suvojeet.suvmusic/com.suvojeet.suvmusic.MainActivity}: Setting back callback OnBackInvokedCallbackInfo{mCallback=android.window.IOnBackInvokedCallback$Stub$Proxy@28b31cd, mPriority=-1, mIsAnimationCallback=false, mOverrideBehavior=0}
03-29 13:15:32.930  2460  2657 I ImeTracker: com.suvojeet.suvmusic:81b7ac4c: onRequestHide at ORIGIN_SERVER reason HIDE_UNSPECIFIED_WINDOW fromUser false
03-29 13:15:32.931  6890  6890 I ImeTracker: com.suvojeet.suvmusic:81b7ac4c: onCancelled at PHASE_CLIENT_ALREADY_HIDDEN
03-29 13:15:32.934  5169  5169 I GoogleInputMethodService: GoogleInputMethodService.onStartInput():1385 onStartInput(EditorInfo{EditorInfo{packageName=com.suvojeet.suvmusic, inputType=0, inputTypeString=NULL, enableLearning=false, autoCorrection=false, autoComplete=false, imeOptions=0, privateImeOptions=null, actionName=UNSPECIFIED, actionLabel=null, initialSelStart=-1, initialSelEnd=-1, initialCapsMode=0, label=null, fieldId=0, fieldName=null, extras=null, hintText=null, hintLocales=[]}}, false)
03-29 13:15:32.936  2460  5368 W PackageConfigPersister: App-specific configuration not found for packageName: com.suvojeet.suvmusic and userId: 0
03-29 13:15:32.998  2460  5368 D CoreBackPreview: Window{75c702a u0 com.suvojeet.suvmusic/com.suvojeet.suvmusic.MainActivity}: Setting back callback OnBackInvokedCallbackInfo{mCallback=android.window.IOnBackInvokedCallback$Stub$Proxy@261dc9, mPriority=0, mIsAnimationCallback=true, mOverrideBehavior=0}
