03-29 13:15:33.310  2460  5368 D MediaSessionService: onSessionPlaybackStateChanged: record=com.suvojeet.suvmusic/androidx.media3.session.id./59 (userId=0) playbackState=PlaybackState {state=PLAYING(3), position=59246, buffered position=113621, speed=1.0, updated=79891343, actions=7340027, custom actions=[Action:mName='Shuffle, mIcon=2131231119, mExtras=Bundle[EMPTY_PARCEL], Action:mName='Like, mIcon=2131230967, mExtras=Bundle[EMPTY_PARCEL], Action:mName='Repeat, mIcon=2131231115, mExtras=Bundle[EMPTY_PARCEL], Action:mName='Start Radio, mIcon=2131231114, mExtras=Bundle[EMPTY_PARCEL]], active item id=15, error=null}
03-29 13:15:34.217  2460  5956 D MediaSessionService: onSessionPlaybackStateChanged: record=com.suvojeet.suvmusic/androidx.media3.session.id./59 (userId=0) playbackState=PlaybackState {state=BUFFERING(6), position=60157, buffered position=113621, speed=0.0, updated=79892250, actions=7340027, custom actions=[Action:mName='Shuffle, mIcon=2131231119, mExtras=Bundle[EMPTY_PARCEL], Action:mName='Like, mIcon=2131230967, mExtras=Bundle[EMPTY_PARCEL], Action:mName='Repeat, mIcon=2131231115, mExtras=Bundle[EMPTY_PARCEL], Action:mName='Start Radio, mIcon=2131231114, mExtras=Bundle[EMPTY_PARCEL]], active item id=15, error=null}
03-29 13:15:34.219  2460  5956 D MediaSessionService: onSessionPlaybackStateChanged: record=com.suvojeet.suvmusic/androidx.media3.session.id./59 (userId=0) playbackState=PlaybackState {state=BUFFERING(6), position=60157, buffered position=113621, speed=0.0, updated=79892252, actions=7340027, custom actions=[Action:mName='Shuffle, mIcon=2131231119, mExtras=Bundle[EMPTY_PARCEL], Action:mName='Like, mIcon=2131230967, mExtras=Bundle[EMPTY_PARCEL], Action:mName='Repeat, mIcon=2131231115, mExtras=Bundle[EMPTY_PARCEL], Action:mName='Start Radio, mIcon=2131231114, mExtras=Bundle[EMPTY_PARCEL]], active item id=15, error=null}
03-29 13:15:34.220  2460  5928 D MediaSessionService: onSessionPlaybackStateChanged: record=com.suvojeet.suvmusic/androidx.media3.session.id./59 (userId=0) playbackState=PlaybackState {state=BUFFERING(6), position=60157, buffered position=113621, speed=0.0, updated=79892253, actions=7340027, custom actions=[Action:mName='Shuffle, mIcon=2131231119, mExtras=Bundle[EMPTY_PARCEL], Action:mName='Like, mIcon=2131230967, mExtras=Bundle[EMPTY_PARCEL], Action:mName='Repeat, mIcon=2131231115, mExtras=Bundle[EMPTY_PARCEL], Action:mName='Start Radio, mIcon=2131231114, mExtras=Bundle[EMPTY_PARCEL]], active item id=15, error=null}
03-29 13:15:34.222  2460  5956 D MediaSessionService: onSessionPlaybackStateChanged: record=com.suvojeet.suvmusic/androidx.media3.session.id./59 (userId=0) playbackState=PlaybackState {state=BUFFERING(6), position=60157, buffered position=113621, speed=0.0, updated=79892255, actions=7340027, custom actions=[Action:mName='Shuffle, mIcon=2131231119, mExtras=Bundle[EMPTY_PARCEL], Action:mName='Like, mIcon=2131230967, mExtras=Bundle[EMPTY_PARCEL], Action:mName='Repeat, mIcon=2131231115, mExtras=Bundle[EMPTY_PARCEL], Action:mName='Start Radio, mIcon=2131231114, mExtras=Bundle[EMPTY_PARCEL]], active item id=15, error=null}
03-29 13:15:34.223  2460  5956 D MediaSessionService: onSessionPlaybackStateChanged: record=com.suvojeet.suvmusic/androidx.media3.session.id./59 (userId=0) playbackState=PlaybackState {state=BUFFERING(6), position=60157, buffered position=113621, speed=0.0, updated=79892256, actions=7340027, custom actions=[Action:mName='Shuffle, mIcon=2131231119, mExtras=Bundle[EMPTY_PARCEL], Action:mName='Like, mIcon=2131230967, mExtras=Bundle[EMPTY_PARCEL], Action:mName='Repeat, mIcon=2131231115, mExtras=Bundle[EMPTY_PARCEL], Action:mName='Start Radio, mIcon=2131231114, mExtras=Bundle[EMPTY_PARCEL]], active item id=15, error=null}
03-29 13:15:34.231 14384 14384 W MediaPlayerWrapper: onPlaybackStateChanged(): com.suvojeet.suvmusic tried to update with no new data
03-29 13:15:34.233 14384 14384 W MediaPlayerWrapper: onPlaybackStateChanged(): com.suvojeet.suvmusic tried to update with no new data
03-29 13:15:34.234 14384 14384 W MediaPlayerWrapper: onPlaybackStateChanged(): com.suvojeet.suvmusic tried to update with no new data
03-29 13:15:34.235 14384 14384 W MediaPlayerWrapper: onPlaybackStateChanged(): com.suvojeet.suvmusic tried to update with no new data
03-29 13:15:34.543  2460  5928 D MediaSessionService: onSessionPlaybackStateChanged: record=com.suvojeet.suvmusic/androidx.media3.session.id./59 (userId=0) playbackState=PlaybackState {state=PLAYING(3), position=60161, buffered position=113621, speed=1.0, updated=79892576, actions=7340027, custom actions=[Action:mName='Shuffle, mIcon=2131231119, mExtras=Bundle[EMPTY_PARCEL], Action:mName='Like, mIcon=2131230967, mExtras=Bundle[EMPTY_PARCEL], Action:mName='Repeat, mIcon=2131231115, mExtras=Bundle[EMPTY_PARCEL], Action:mName='Start Radio, mIcon=2131231114, mExtras=Bundle[EMPTY_PARCEL]], active item id=15, error=null}
03-29 13:15:34.545  2460  5928 D MediaSessionService: onSessionPlaybackStateChanged: record=com.suvojeet.suvmusic/androidx.media3.session.id./59 (userId=0) playbackState=PlaybackState {state=PLAYING(3), position=60161, buffered position=113621, speed=1.0, updated=79892578, actions=7340027, custom actions=[Action:mName='Shuffle, mIcon=2131231119, mExtras=Bundle[EMPTY_PARCEL], Action:mName='Like, mIcon=2131230967, mExtras=Bundle[EMPTY_PARCEL], Action:mName='Repeat, mIcon=2131231115, mExtras=Bundle[EMPTY_PARCEL], Action:mName='Start Radio, mIcon=2131231114, mExtras=Bundle[EMPTY_PARCEL]], active item id=15, error=null}
03-29 13:15:34.548  2460  5928 D MediaSessionService: onSessionPlaybackStateChanged: record=com.suvojeet.suvmusic/androidx.media3.session.id./59 (userId=0) playbackState=PlaybackState {state=PLAYING(3), position=60161, buffered position=113621, speed=1.0, updated=79892581, actions=7340027, custom actions=[Action:mName='Shuffle, mIcon=2131231119, mExtras=Bundle[EMPTY_PARCEL], Action:mName='Like, mIcon=2131230967, mExtras=Bundle[EMPTY_PARCEL], Action:mName='Repeat, mIcon=2131231115, mExtras=Bundle[EMPTY_PARCEL], Action:mName='Start Radio, mIcon=2131231114, mExtras=Bundle[EMPTY_PARCEL]], active item id=15, error=null}
03-29 13:15:34.551  2460  5928 D MediaSessionService: onSessionPlaybackStateChanged: record=com.suvojeet.suvmusic/androidx.media3.session.id./59 (userId=0) playbackState=PlaybackState {state=PLAYING(3), position=60161, buffered position=113621, speed=1.0, updated=79892583, actions=7340027, custom actions=[Action:mName='Shuffle, mIcon=2131231119, mExtras=Bundle[EMPTY_PARCEL], Action:mName='Like, mIcon=2131230967, mExtras=Bundle[EMPTY_PARCEL], Action:mName='Repeat, mIcon=2131231115, mExtras=Bundle[EMPTY_PARCEL], Action:mName='Start Radio, mIcon=2131231114, mExtras=Bundle[EMPTY_PARCEL]], active item id=15, error=null}
03-29 13:15:34.561 14384 14384 W MediaPlayerWrapper: onPlaybackStateChanged(): com.suvojeet.suvmusic tried to update with no new data
03-29 13:15:34.562 14384 14384 W MediaPlayerWrapper: onPlaybackStateChanged(): com.suvojeet.suvmusic tried to update with no new data
03-29 13:15:34.563 14384 14384 W MediaPlayerWrapper: onPlaybackStateChanged(): com.suvojeet.suvmusic tried to update with no new data
03-29 13:15:34.637  2460  5928 D MediaSessionService: onSessionPlaybackStateChanged: record=com.suvojeet.suvmusic/androidx.media3.session.id./59 (userId=0) playbackState=PlaybackState {state=PAUSED(2), position=60161, buffered position=113621, speed=0.0, updated=79892669, actions=7340029, custom actions=[Action:mName='Shuffle, mIcon=2131231119, mExtras=Bundle[EMPTY_PARCEL], Action:mName='Like, mIcon=2131230967, mExtras=Bundle[EMPTY_PARCEL], Action:mName='Repeat, mIcon=2131231115, mExtras=Bundle[EMPTY_PARCEL], Action:mName='Start Radio, mIcon=2131231114, mExtras=Bundle[EMPTY_PARCEL]], active item id=15, error=null}
03-29 13:15:34.640  2460  5368 D MediaSessionService: onSessionPlaybackStateChanged: record=com.suvojeet.suvmusic/androidx.media3.session.id./59 (userId=0) playbackState=PlaybackState {state=PAUSED(2), position=60161, buffered position=113621, speed=0.0, updated=79892673, actions=7340029, custom actions=[Action:mName='Shuffle, mIcon=2131231119, mExtras=Bundle[EMPTY_PARCEL], Action:mName='Like, mIcon=2131230967, mExtras=Bundle[EMPTY_PARCEL], Action:mName='Repeat, mIcon=2131231115, mExtras=Bundle[EMPTY_PARCEL], Action:mName='Start Radio, mIcon=2131231114, mExtras=Bundle[EMPTY_PARCEL]], active item id=15, error=null}
03-29 13:15:34.640  2460  5956 D MediaSessionService: onSessionPlaybackStateChanged: record=com.suvojeet.suvmusic/androidx.media3.session.id./59 (userId=0) playbackState=PlaybackState {state=PAUSED(2), position=60161, buffered position=113621, speed=0.0, updated=79892674, actions=7340029, custom actions=[Action:mName='Shuffle, mIcon=2131231119, mExtras=Bundle[EMPTY_PARCEL], Action:mName='Like, mIcon=2131230967, mExtras=Bundle[EMPTY_PARCEL], Action:mName='Repeat, mIcon=2131231115, mExtras=Bundle[EMPTY_PARCEL], Action:mName='Start Radio, mIcon=2131231114, mExtras=Bundle[EMPTY_PARCEL]], active item id=15, error=null}
03-29 13:15:34.645 14384 14384 W MediaPlayerWrapper: onPlaybackStateChanged(): com.suvojeet.suvmusic tried to update with no new data
03-29 13:15:34.646 14384 14384 W MediaPlayerWrapper: onPlaybackStateChanged(): com.suvojeet.suvmusic tried to update with no new data
03-29 13:15:34.954  2460  5915 I MediaSessionStack: onPlaybackStateChanged - Pushing session to top | record: com.suvojeet.suvmusic/androidx.media3.session.id./59 (userId=0)
03-29 13:15:34.954  2460  5915 D MediaSessionService: onSessionPlaybackStateChanged: record=com.suvojeet.suvmusic/androidx.media3.session.id./59 (userId=0) playbackState=PlaybackState {state=PLAYING(3), position=60343, buffered position=113621, speed=1.0, updated=79892987, actions=7340027, custom actions=[Action:mName='Shuffle, mIcon=2131231119, mExtras=Bundle[EMPTY_PARCEL], Action:mName='Like, mIcon=2131230967, mExtras=Bundle[EMPTY_PARCEL], Action:mName='Repeat, mIcon=2131231115, mExtras=Bundle[EMPTY_PARCEL], Action:mName='Start Radio, mIcon=2131231114, mExtras=Bundle[EMPTY_PARCEL]], active item id=15, error=null}
03-29 13:15:34.957  2460  5915 D MediaSessionService: onSessionPlaybackStateChanged: record=com.suvojeet.suvmusic/androidx.media3.session.id./59 (userId=0) playbackState=PlaybackState {state=PLAYING(3), position=60343, buffered position=113621, speed=1.0, updated=79892990, actions=7340027, custom actions=[Action:mName='Shuffle, mIcon=2131231119, mExtras=Bundle[EMPTY_PARCEL], Action:mName='Like, mIcon=2131230967, mExtras=Bundle[EMPTY_PARCEL], Action:mName='Repeat, mIcon=2131231115, mExtras=Bundle[EMPTY_PARCEL], Action:mName='Start Radio, mIcon=2131231114, mExtras=Bundle[EMPTY_PARCEL]], active item id=15, error=null}
03-29 13:15:34.958  2460  5915 D MediaSessionService: onSessionPlaybackStateChanged: record=com.suvojeet.suvmusic/androidx.media3.session.id./59 (userId=0) playbackState=PlaybackState {state=PLAYING(3), position=60343, buffered position=113621, speed=1.0, updated=79892992, actions=7340027, custom actions=[Action:mName='Shuffle, mIcon=2131231119, mExtras=Bundle[EMPTY_PARCEL], Action:mName='Like, mIcon=2131230967, mExtras=Bundle[EMPTY_PARCEL], Action:mName='Repeat, mIcon=2131231115, mExtras=Bundle[EMPTY_PARCEL], Action:mName='Start Radio, mIcon=2131231114, mExtras=Bundle[EMPTY_PARCEL]], active item id=15, error=null}
03-29 13:15:34.965 14384 14384 W MediaPlayerWrapper: onPlaybackStateChanged(): com.suvojeet.suvmusic tried to update with no new data
03-29 13:15:34.966 14384 14384 W MediaPlayerWrapper: onPlaybackStateChanged(): com.suvojeet.suvmusic tried to update with no new data
03-29 13:15:35.068  2460  5915 I WifiService: acquireWifiLock uid=10289 lockMode=3 packageName=com.suvojeet.suvmusic
03-29 13:15:36.522  2460  5915 D MediaSessionService: onSessionPlaybackStateChanged: record=com.suvojeet.suvmusic/androidx.media3.session.id./59 (userId=0) playbackState=PlaybackState {state=BUFFERING(6), position=61649, buffered position=113621, speed=0.0, updated=79894555, actions=7340027, custom actions=[Action:mName='Shuffle, mIcon=2131231119, mExtras=Bundle[EMPTY_PARCEL], Action:mName='Like, mIcon=2131230967, mExtras=Bundle[EMPTY_PARCEL], Action:mName='Repeat, mIcon=2131231115, mExtras=Bundle[EMPTY_PARCEL], Action:mName='Start Radio, mIcon=2131231114, mExtras=Bundle[EMPTY_PARCEL]], active item id=15, error=null}
03-29 13:15:36.523  2460  5928 D MediaSessionService: onSessionPlaybackStateChanged: record=com.suvojeet.suvmusic/androidx.media3.session.id./59 (userId=0) playbackState=PlaybackState {state=BUFFERING(6), position=61649, buffered position=113621, speed=0.0, updated=79894557, actions=7340027, custom actions=[Action:mName='Shuffle, mIcon=2131231119, mExtras=Bundle[EMPTY_PARCEL], Action:mName='Like, mIcon=2131230967, mExtras=Bundle[EMPTY_PARCEL], Action:mName='Repeat, mIcon=2131231115, mExtras=Bundle[EMPTY_PARCEL], Action:mName='Start Radio, mIcon=2131231114, mExtras=Bundle[EMPTY_PARCEL]], active item id=15, error=null}
03-29 13:15:36.524  2460  5928 D MediaSessionService: onSessionPlaybackStateChanged: record=com.suvojeet.suvmusic/androidx.media3.session.id./59 (userId=0) playbackState=PlaybackState {state=BUFFERING(6), position=61649, buffered position=113621, speed=0.0, updated=79894558, actions=7340027, custom actions=[Action:mName='Shuffle, mIcon=2131231119, mExtras=Bundle[EMPTY_PARCEL], Action:mName='Like, mIcon=2131230967, mExtras=Bundle[EMPTY_PARCEL], Action:mName='Repeat, mIcon=2131231115, mExtras=Bundle[EMPTY_PARCEL], Action:mName='Start Radio, mIcon=2131231114, mExtras=Bundle[EMPTY_PARCEL]], active item id=15, error=null}
03-29 13:15:36.526  2460  5915 D MediaSessionService: onSessionPlaybackStateChanged: record=com.suvojeet.suvmusic/androidx.media3.session.id./59 (userId=0) playbackState=PlaybackState {state=BUFFERING(6), position=61649, buffered position=113621, speed=0.0, updated=79894559, actions=7340027, custom actions=[Action:mName='Shuffle, mIcon=2131231119, mExtras=Bundle[EMPTY_PARCEL], Action:mName='Like, mIcon=2131230967, mExtras=Bundle[EMPTY_PARCEL], Action:mName='Repeat, mIcon=2131231115, mExtras=Bundle[EMPTY_PARCEL], Action:mName='Start Radio, mIcon=2131231114, mExtras=Bundle[EMPTY_PARCEL]], active item id=15, error=null}
03-29 13:15:36.527  2460  5915 D MediaSessionService: onSessionPlaybackStateChanged: record=com.suvojeet.suvmusic/androidx.media3.session.id./59 (userId=0) playbackState=PlaybackState {state=BUFFERING(6), position=61649, buffered position=113621, speed=0.0, updated=79894560, actions=7340027, custom actions=[Action:mName='Shuffle, mIcon=2131231119, mExtras=Bundle[EMPTY_PARCEL], Action:mName='Like, mIcon=2131230967, mExtras=Bundle[EMPTY_PARCEL], Action:mName='Repeat, mIcon=2131231115, mExtras=Bundle[EMPTY_PARCEL], Action:mName='Start Radio, mIcon=2131231114, mExtras=Bundle[EMPTY_PARCEL]], active item id=15, error=null}
03-29 13:15:36.532 14384 14384 W MediaPlayerWrapper: onPlaybackStateChanged(): com.suvojeet.suvmusic tried to update with no new data
03-29 13:15:36.537 14384 14384 W MediaPlayerWrapper: onPlaybackStateChanged(): com.suvojeet.suvmusic tried to update with no new data
03-29 13:15:36.541 14384 14384 W MediaPlayerWrapper: onPlaybackStateChanged(): com.suvojeet.suvmusic tried to update with no new data
03-29 13:15:36.542 14384 14384 W MediaPlayerWrapper: onPlaybackStateChanged(): com.suvojeet.suvmusic tried to update with no new data
03-29 13:15:36.592  2460  2607 D MediaSessionService: onSessionPlaybackStateChanged: record=com.suvojeet.suvmusic/androidx.media3.session.id./59 (userId=0) playbackState=PlaybackState {state=PLAYING(3), position=63226, buffered position=113621, speed=1.0, updated=79894626, actions=7340027, custom actions=[Action:mName='Shuffle, mIcon=2131231119, mExtras=Bundle[EMPTY_PARCEL], Action:mName='Like, mIcon=2131230967, mExtras=Bundle[EMPTY_PARCEL], Action:mName='Repeat, mIcon=2131231115, mExtras=Bundle[EMPTY_PARCEL], Action:mName='Start Radio, mIcon=2131231114, mExtras=Bundle[EMPTY_PARCEL]], active item id=15, error=null}
03-29 13:15:36.593  2460  2607 D MediaSessionService: onSessionPlaybackStateChanged: record=com.suvojeet.suvmusic/androidx.media3.session.id./59 (userId=0) playbackState=PlaybackState {state=PLAYING(3), position=63226, buffered position=113621, speed=1.0, updated=79894627, actions=7340027, custom actions=[Action:mName='Shuffle, mIcon=2131231119, mExtras=Bundle[EMPTY_PARCEL], Action:mName='Like, mIcon=2131230967, mExtras=Bundle[EMPTY_PARCEL], Action:mName='Repeat, mIcon=2131231115, mExtras=Bundle[EMPTY_PARCEL], Action:mName='Start Radio, mIcon=2131231114, mExtras=Bundle[EMPTY_PARCEL]], active item id=15, error=null}
03-29 13:15:36.596  2460  5368 D MediaSessionService: onSessionPlaybackStateChanged: record=com.suvojeet.suvmusic/androidx.media3.session.id./59 (userId=0) playbackState=PlaybackState {state=PLAYING(3), position=63226, buffered position=113621, speed=1.0, updated=79894629, actions=7340027, custom actions=[Action:mName='Shuffle, mIcon=2131231119, mExtras=Bundle[EMPTY_PARCEL], Action:mName='Like, mIcon=2131230967, mExtras=Bundle[EMPTY_PARCEL], Action:mName='Repeat, mIcon=2131231115, mExtras=Bundle[EMPTY_PARCEL], Action:mName='Start Radio, mIcon=2131231114, mExtras=Bundle[EMPTY_PARCEL]], active item id=15, error=null}
03-29 13:15:36.600  2460  5368 D MediaSessionService: onSessionPlaybackStateChanged: record=com.suvojeet.suvmusic/androidx.media3.session.id./59 (userId=0) playbackState=PlaybackState {state=PLAYING(3), position=63237, buffered position=113621, speed=1.0, updated=79894633, actions=7340027, custom actions=[Action:mName='Shuffle, mIcon=2131231119, mExtras=Bundle[EMPTY_PARCEL], Action:mName='Like, mIcon=2131230967, mExtras=Bundle[EMPTY_PARCEL], Action:mName='Repeat, mIcon=2131231115, mExtras=Bundle[EMPTY_PARCEL], Action:mName='Start Radio, mIcon=2131231114, mExtras=Bundle[EMPTY_PARCEL]], active item id=15, error=null}
03-29 13:15:36.603 14384 14384 W MediaPlayerWrapper: onPlaybackStateChanged(): com.suvojeet.suvmusic tried to update with no new data
03-29 13:15:36.604 14384 14384 W MediaPlayerWrapper: onPlaybackStateChanged(): com.suvojeet.suvmusic tried to update with no new data
03-29 13:15:36.605 14384 14384 W MediaPlayerWrapper: onPlaybackStateChanged(): com.suvojeet.suvmusic tried to update with no new data
03-29 13:15:37.723  2460  5915 D CoreBackPreview: Window{75c702a u0 com.suvojeet.suvmusic/com.suvojeet.suvmusic.MainActivity}: Setting back callback OnBackInvokedCallbackInfo{mCallback=android.window.IOnBackInvokedCallback$Stub$Proxy@bc2d903, mPriority=-1, mIsAnimationCallback=false, mOverrideBehavior=0}
03-29 13:15:37.732  2460  5956 D MediaSessionService: onSessionPlaybackStateChanged: record=com.suvojeet.suvmusic/androidx.media3.session.id./59 (userId=0) playbackState=PlaybackState {state=PAUSED(2), position=64361, buffered position=113621, speed=0.0, updated=79895765, actions=7340029, custom actions=[Action:mName='Shuffle, mIcon=2131231119, mExtras=Bundle[EMPTY_PARCEL], Action:mName='Like, mIcon=2131230967, mExtras=Bundle[EMPTY_PARCEL], Action:mName='Repeat, mIcon=2131231115, mExtras=Bundle[EMPTY_PARCEL], Action:mName='Start Radio, mIcon=2131231114, mExtras=Bundle[EMPTY_PARCEL]], active item id=15, error=null}
03-29 13:15:37.733  2460  5363 D MediaSessionService: onSessionPlaybackStateChanged: record=com.suvojeet.suvmusic/androidx.media3.session.id./59 (userId=0) playbackState=PlaybackState {state=PAUSED(2), position=64361, buffered position=113621, speed=0.0, updated=79895766, actions=7340029, custom actions=[Action:mName='Shuffle, mIcon=2131231119, mExtras=Bundle[EMPTY_PARCEL], Action:mName='Like, mIcon=2131230967, mExtras=Bundle[EMPTY_PARCEL], Action:mName='Repeat, mIcon=2131231115, mExtras=Bundle[EMPTY_PARCEL], Action:mName='Start Radio, mIcon=2131231114, mExtras=Bundle[EMPTY_PARCEL]], active item id=15, error=null}
03-29 13:15:37.735  2460  5363 D MediaSessionService: onSessionPlaybackStateChanged: record=com.suvojeet.suvmusic/androidx.media3.session.id./59 (userId=0) playbackState=PlaybackState {state=PAUSED(2), position=64361, buffered position=113621, speed=0.0, updated=79895768, actions=7340029, custom actions=[Action:mName='Shuffle, mIcon=2131231119, mExtras=Bundle[EMPTY_PARCEL], Action:mName='Like, mIcon=2131230967, mExtras=Bundle[EMPTY_PARCEL], Action:mName='Repeat, mIcon=2131231115, mExtras=Bundle[EMPTY_PARCEL], Action:mName='Start Radio, mIcon=2131231114, mExtras=Bundle[EMPTY_PARCEL]], active item id=15, error=null}
03-29 13:15:37.742 14384 14384 W MediaPlayerWrapper: onPlaybackStateChanged(): com.suvojeet.suvmusic tried to update with no new data
03-29 13:15:37.743 14384 14384 W MediaPlayerWrapper: onPlaybackStateChanged(): com.suvojeet.suvmusic tried to update with no new data
03-29 13:15:37.927  2460  5915 D CoreBackPreview: Window{75c702a u0 com.suvojeet.suvmusic/com.suvojeet.suvmusic.MainActivity}: Setting back callback null
03-29 13:15:37.973  2460  2657 I ImeTracker: com.suvojeet.suvmusic:f6ca6599: onRequestHide at ORIGIN_SERVER reason HIDE_UNSPECIFIED_WINDOW fromUser false
03-29 13:15:37.973  6890  6890 I ImeTracker: com.suvojeet.suvmusic:f6ca6599: onCancelled at PHASE_CLIENT_ALREADY_HIDDEN
03-29 13:15:37.981  5169  5169 I GoogleInputMethodService: GoogleInputMethodService.onStartInput():1385 onStartInput(EditorInfo{EditorInfo{packageName=com.suvojeet.suvmusic, inputType=0, inputTypeString=NULL, enableLearning=false, autoCorrection=false, autoComplete=false, imeOptions=0, privateImeOptions=null, actionName=UNSPECIFIED, actionLabel=null, initialSelStart=-1, initialSelEnd=-1, initialCapsMode=0, label=null, fieldId=0, fieldName=null, extras=null, hintText=null, hintLocales=[]}}, false)
03-29 13:15:37.986  2460  5368 W PackageConfigPersister: App-specific configuration not found for packageName: com.suvojeet.suvmusic and userId: 0
03-29 13:15:38.039  2460  5928 I MediaSessionStack: onPlaybackStateChanged - Pushing session to top | record: com.suvojeet.suvmusic/androidx.media3.session.id./59 (userId=0)
03-29 13:15:38.039  2460  5928 D MediaSessionService: onSessionPlaybackStateChanged: record=com.suvojeet.suvmusic/androidx.media3.session.id./59 (userId=0) playbackState=PlaybackState {state=PLAYING(3), position=64368, buffered position=113621, speed=1.0, updated=79896071, actions=7340027, custom actions=[Action:mName='Shuffle, mIcon=2131231119, mExtras=Bundle[EMPTY_PARCEL], Action:mName='Like, mIcon=2131230967, mExtras=Bundle[EMPTY_PARCEL], Action:mName='Repeat, mIcon=2131231115, mExtras=Bundle[EMPTY_PARCEL], Action:mName='Start Radio, mIcon=2131231114, mExtras=Bundle[EMPTY_PARCEL]], active item id=15, error=null}
03-29 13:15:38.042  2460  5915 D MediaSessionService: onSessionPlaybackStateChanged: record=com.suvojeet.suvmusic/androidx.media3.session.id./59 (userId=0) playbackState=PlaybackState {state=PLAYING(3), position=64368, buffered position=113621, speed=1.0, updated=79896075, actions=7340027, custom actions=[Action:mName='Shuffle, mIcon=2131231119, mExtras=Bundle[EMPTY_PARCEL], Action:mName='Like, mIcon=2131230967, mExtras=Bundle[EMPTY_PARCEL], Action:mName='Repeat, mIcon=2131231115, mExtras=Bundle[EMPTY_PARCEL], Action:mName='Start Radio, mIcon=2131231114, mExtras=Bundle[EMPTY_PARCEL]], active item id=15, error=null}
03-29 13:15:38.043  2460  5928 I WifiService: acquireWifiLock uid=10289 lockMode=3 packageName=com.suvojeet.suvmusic
03-29 13:15:38.045  2460  5928 D MediaSessionService: onSessionPlaybackStateChanged: record=com.suvojeet.suvmusic/androidx.media3.session.id./59 (userId=0) playbackState=PlaybackState {state=PLAYING(3), position=64368, buffered position=113621, speed=1.0, updated=79896078, actions=7340027, custom actions=[Action:mName='Shuffle, mIcon=2131231119, mExtras=Bundle[EMPTY_PARCEL], Action:mName='Like, mIcon=2131230967, mExtras=Bundle[EMPTY_PARCEL], Action:mName='Repeat, mIcon=2131231115, mExtras=Bundle[EMPTY_PARCEL], Action:mName='Start Radio, mIcon=2131231114, mExtras=Bundle[EMPTY_PARCEL]], active item id=15, error=null}
03-29 13:15:38.054 14384 14384 W MediaPlayerWrapper: onPlaybackStateChanged(): com.suvojeet.suvmusic tried to update with no new data
03-29 13:15:38.055 14384 14384 W MediaPlayerWrapper: onPlaybackStateChanged(): com.suvojeet.suvmusic tried to update with no new data
03-29 13:15:39.651  2460  5915 D MediaSessionService: onSessionPlaybackStateChanged: record=com.suvojeet.suvmusic/androidx.media3.session.id./59 (userId=0) playbackState=PlaybackState {state=PAUSED(2), position=65624, buffered position=113621, speed=0.0, updated=79897683, actions=7340029, custom actions=[Action:mName='Shuffle, mIcon=2131231119, mExtras=Bundle[EMPTY_PARCEL], Action:mName='Like, mIcon=2131230967, mExtras=Bundle[EMPTY_PARCEL], Action:mName='Repeat, mIcon=2131231115, mExtras=Bundle[EMPTY_PARCEL], Action:mName='Start Radio, mIcon=2131231114, mExtras=Bundle[EMPTY_PARCEL]], active item id=15, error=null}
03-29 13:15:39.653  2460  5956 D MediaSessionService: onSessionPlaybackStateChanged: record=com.suvojeet.suvmusic/androidx.media3.session.id./59 (userId=0) playbackState=PlaybackState {state=PAUSED(2), position=65624, buffered position=113621, speed=0.0, updated=79897686, actions=7340029, custom actions=[Action:mName='Shuffle, mIcon=2131231119, mExtras=Bundle[EMPTY_PARCEL], Action:mName='Like, mIcon=2131230967, mExtras=Bundle[EMPTY_PARCEL], Action:mName='Repeat, mIcon=2131231115, mExtras=Bundle[EMPTY_PARCEL], Action:mName='Start Radio, mIcon=2131231114, mExtras=Bundle[EMPTY_PARCEL]], active item id=15, error=null}
03-29 13:15:39.654  2460  5928 D MediaSessionService: onSessionPlaybackStateChanged: record=com.suvojeet.suvmusic/androidx.media3.session.id./59 (userId=0) playbackState=PlaybackState {state=PAUSED(2), position=65624, buffered position=113621, speed=0.0, updated=79897687, actions=7340029, custom actions=[Action:mName='Shuffle, mIcon=2131231119, mExtras=Bundle[EMPTY_PARCEL], Action:mName='Like, mIcon=2131230967, mExtras=Bundle[EMPTY_PARCEL], Action:mName='Repeat, mIcon=2131231115, mExtras=Bundle[EMPTY_PARCEL], Action:mName='Start Radio, mIcon=2131231114, mExtras=Bundle[EMPTY_PARCEL]], active item id=15, error=null}
03-29 13:15:39.668 14384 14384 W MediaPlayerWrapper: onPlaybackStateChanged(): com.suvojeet.suvmusic tried to update with no new data
03-29 13:15:39.669 14384 14384 W MediaPlayerWrapper: onPlaybackStateChanged(): com.suvojeet.suvmusic tried to update with no new data
03-29 13:15:39.859  2460  5408 I WifiService: acquireWifiLock uid=10289 lockMode=3 packageName=com.suvojeet.suvmusic
03-29 13:15:39.860  2460  2607 I MediaSessionStack: onPlaybackStateChanged - Pushing session to top | record: com.suvojeet.suvmusic/androidx.media3.session.id./59 (userId=0)
03-29 13:15:39.860  2460  2607 D MediaSessionService: onSessionPlaybackStateChanged: record=com.suvojeet.suvmusic/androidx.media3.session.id./59 (userId=0) playbackState=PlaybackState {state=PLAYING(3), position=65633, buffered position=113621, speed=1.0, updated=79897893, actions=7340027, custom actions=[Action:mName='Shuffle, mIcon=2131231119, mExtras=Bundle[EMPTY_PARCEL], Action:mName='Like, mIcon=2131230967, mExtras=Bundle[EMPTY_PARCEL], Action:mName='Repeat, mIcon=2131231115, mExtras=Bundle[EMPTY_PARCEL], Action:mName='Start Radio, mIcon=2131231114, mExtras=Bundle[EMPTY_PARCEL]], active item id=15, error=null}
03-29 13:15:39.862  2460  5408 D MediaSessionService: onSessionPlaybackStateChanged: record=com.suvojeet.suvmusic/androidx.media3.session.id./59 (userId=0) playbackState=PlaybackState {state=PLAYING(3), position=65633, buffered position=113621, speed=1.0, updated=79897895, actions=7340027, custom actions=[Action:mName='Shuffle, mIcon=2131231119, mExtras=Bundle[EMPTY_PARCEL], Action:mName='Like, mIcon=2131230967, mExtras=Bundle[EMPTY_PARCEL], Action:mName='Repeat, mIcon=2131231115, mExtras=Bundle[EMPTY_PARCEL], Action:mName='Start Radio, mIcon=2131231114, mExtras=Bundle[EMPTY_PARCEL]], active item id=15, error=null}
03-29 13:15:39.862  2460  5408 D MediaSessionService: onSessionPlaybackStateChanged: record=com.suvojeet.suvmusic/androidx.media3.session.id./59 (userId=0) playbackState=PlaybackState {state=PLAYING(3), position=65633, buffered position=113621, speed=1.0, updated=79897896, actions=7340027, custom actions=[Action:mName='Shuffle, mIcon=2131231119, mExtras=Bundle[EMPTY_PARCEL], Action:mName='Like, mIcon=2131230967, mExtras=Bundle[EMPTY_PARCEL], Action:mName='Repeat, mIcon=2131231115, mExtras=Bundle[EMPTY_PARCEL], Action:mName='Start Radio, mIcon=2131231114, mExtras=Bundle[EMPTY_PARCEL]], active item id=15, error=null}
03-29 13:15:39.883 14384 14384 W MediaPlayerWrapper: onPlaybackStateChanged(): com.suvojeet.suvmusic tried to update with no new data
03-29 13:15:39.884 14384 14384 W MediaPlayerWrapper: onPlaybackStateChanged(): com.suvojeet.suvmusic tried to update with no new data
03-29 13:15:42.864  2460  5368 D MediaSessionService: onSessionPlaybackStateChanged: record=com.suvojeet.suvmusic/androidx.media3.session.id./59 (userId=0) playbackState=PlaybackState {state=PLAYING(3), position=68670, buffered position=113621, speed=1.0, updated=79900897, actions=7340027, custom actions=[Action:mName='Shuffle, mIcon=2131231119, mExtras=Bundle[EMPTY_PARCEL], Action:mName='Like, mIcon=2131230967, mExtras=Bundle[EMPTY_PARCEL], Action:mName='Repeat, mIcon=2131231115, mExtras=Bundle[EMPTY_PARCEL], Action:mName='Start Radio, mIcon=2131231114, mExtras=Bundle[EMPTY_PARCEL]], active item id=15, error=null}
03-29 13:15:42.912  2460  5928 D CoreBackPreview: Window{e715fca u0 com.suvojeet.suvmusic/com.suvojeet.suvmusic.MainActivity}: Setting back callback OnBackInvokedCallbackInfo{mCallback=android.window.IOnBackInvokedCallback$Stub$Proxy@bc4bfed, mPriority=-1, mIsAnimationCallback=false, mOverrideBehavior=0}
03-29 13:15:42.986  2460  2657 I ImeTracker: com.suvojeet.suvmusic:6506baa8: onRequestHide at ORIGIN_SERVER reason HIDE_UNSPECIFIED_WINDOW fromUser false
03-29 13:15:42.992  6890  6890 I ImeTracker: com.suvojeet.suvmusic:6506baa8: onCancelled at PHASE_CLIENT_ALREADY_HIDDEN
03-29 13:15:42.995  5169  5169 I GoogleInputMethodService: GoogleInputMethodService.onStartInput():1385 onStartInput(EditorInfo{EditorInfo{packageName=com.suvojeet.suvmusic, inputType=0, inputTypeString=NULL, enableLearning=false, autoCorrection=false, autoComplete=false, imeOptions=0, privateImeOptions=null, actionName=UNSPECIFIED, actionLabel=null, initialSelStart=-1, initialSelEnd=-1, initialCapsMode=0, label=null, fieldId=0, fieldName=null, extras=null, hintText=null, hintLocales=[]}}, false)
03-29 13:15:42.998  2460  5368 W PackageConfigPersister: App-specific configuration not found for packageName: com.suvojeet.suvmusic and userId: 0
03-29 13:15:43.035  2460  5368 D CoreBackPreview: Window{e715fca u0 com.suvojeet.suvmusic/com.suvojeet.suvmusic.MainActivity}: Setting back callback OnBackInvokedCallbackInfo{mCallback=android.window.IOnBackInvokedCallback$Stub$Proxy@8fe12da, mPriority=0, mIsAnimationCallback=true, mOverrideBehavior=0}
03-29 13:15:45.865  2460  5368 D MediaSessionService: onSessionPlaybackStateChanged: record=com.suvojeet.suvmusic/androidx.media3.session.id./59 (userId=0) playbackState=PlaybackState {state=PLAYING(3), position=71671, buffered position=113621, speed=1.0, updated=79903898, actions=7340027, custom actions=[Action:mName='Shuffle, mIcon=2131231119, mExtras=Bundle[EMPTY_PARCEL], Action:mName='Like, mIcon=2131230967, mExtras=Bundle[EMPTY_PARCEL], Action:mName='Repeat, mIcon=2131231115, mExtras=Bundle[EMPTY_PARCEL], Action:mName='Start Radio, mIcon=2131231114, mExtras=Bundle[EMPTY_PARCEL]], active item id=15, error=null}
03-29 13:15:46.645  2460  5408 D CoreBackPreview: Window{e715fca u0 com.suvojeet.suvmusic/com.suvojeet.suvmusic.MainActivity}: Setting back callback OnBackInvokedCallbackInfo{mCallback=android.window.IOnBackInvokedCallback$Stub$Proxy@c8c64fb, mPriority=-1, mIsAnimationCallback=false, mOverrideBehavior=0}
03-29 13:15:46.859  2460  5408 D CoreBackPreview: Window{e715fca u0 com.suvojeet.suvmusic/com.suvojeet.suvmusic.MainActivity}: Setting back callback null
03-29 13:15:46.885  2460  5956 D CoreBackPreview: Window{584aba9 u0 com.suvojeet.suvmusic/com.suvojeet.suvmusic.MainActivity}: Setting back callback OnBackInvokedCallbackInfo{mCallback=android.window.IOnBackInvokedCallback$Stub$Proxy@ae98848, mPriority=-1, mIsAnimationCallback=false, mOverrideBehavior=0}
03-29 13:15:46.949  2460  2657 I ImeTracker: com.suvojeet.suvmusic:65a501f0: onRequestHide at ORIGIN_SERVER reason HIDE_UNSPECIFIED_WINDOW fromUser false
03-29 13:15:46.953  5169  5169 I GoogleInputMethodService: GoogleInputMethodService.onStartInput():1385 onStartInput(EditorInfo{EditorInfo{packageName=com.suvojeet.suvmusic, inputType=0, inputTypeString=NULL, enableLearning=false, autoCorrection=false, autoComplete=false, imeOptions=0, privateImeOptions=null, actionName=UNSPECIFIED, actionLabel=null, initialSelStart=-1, initialSelEnd=-1, initialCapsMode=0, label=null, fieldId=0, fieldName=null, extras=null, hintText=null, hintLocales=[]}}, false)
03-29 13:15:46.956  2460  5368 W PackageConfigPersister: App-specific configuration not found for packageName: com.suvojeet.suvmusic and userId: 0
03-29 13:15:46.960  6890  6890 I ImeTracker: com.suvojeet.suvmusic:65a501f0: onCancelled at PHASE_CLIENT_ALREADY_HIDDEN
03-29 13:15:46.985  2460  2657 I ImeTracker: com.suvojeet.suvmusic:83cf02cf: onRequestHide at ORIGIN_SERVER reason HIDE_UNSPECIFIED_WINDOW fromUser false
03-29 13:15:46.988  5169  5169 I GoogleInputMethodService: GoogleInputMethodService.onStartInput():1385 onStartInput(EditorInfo{EditorInfo{packageName=com.suvojeet.suvmusic, inputType=0, inputTypeString=NULL, enableLearning=false, autoCorrection=false, autoComplete=false, imeOptions=0, privateImeOptions=null, actionName=UNSPECIFIED, actionLabel=null, initialSelStart=-1, initialSelEnd=-1, initialCapsMode=0, label=null, fieldId=0, fieldName=null, extras=null, hintText=null, hintLocales=[]}}, false)
03-29 13:15:46.992  2460  5408 W PackageConfigPersister: App-specific configuration not found for packageName: com.suvojeet.suvmusic and userId: 0
03-29 13:15:46.999  6890  6890 I ImeTracker: com.suvojeet.suvmusic:83cf02cf: onCancelled at PHASE_CLIENT_ALREADY_HIDDEN
03-29 13:15:47.055  2460  5408 D CoreBackPreview: Window{584aba9 u0 com.suvojeet.suvmusic/com.suvojeet.suvmusic.MainActivity}: Setting back callback OnBackInvokedCallbackInfo{mCallback=android.window.IOnBackInvokedCallback$Stub$Proxy@b546463, mPriority=0, mIsAnimationCallback=true, mOverrideBehavior=0}
03-29 13:15:47.487  2460  5408 D CoreBackPreview: startBackNavigation currentTask=Task{874d20b #1349 type=standard A=10289:com.suvojeet.suvmusic}, topRunningActivity=ActivityRecord{102501253 u0 com.suvojeet.suvmusic/.MainActivity t1349}, callbackInfo=OnBackInvokedCallbackInfo{mCallback=android.window.IOnBackInvokedCallback$Stub$Proxy@b546463, mPriority=0, mIsAnimationCallback=true, mOverrideBehavior=0}, currentFocus=Window{584aba9 u0 com.suvojeet.suvmusic/com.suvojeet.suvmusic.MainActivity}
03-29 13:15:47.502  2460  5408 I InputDispatcher: Channel [Gesture Monitor] edge-swipe is stealing input gesture for device 3 from [584aba9 com.suvojeet.suvmusic/com.suvojeet.suvmusic.MainActivity, [Gesture Monitor] swipe-up]
03-29 13:15:47.629  2460  5408 D CoreBackPreview: Window{584aba9 u0 com.suvojeet.suvmusic/com.suvojeet.suvmusic.MainActivity}: Setting back callback OnBackInvokedCallbackInfo{mCallback=android.window.IOnBackInvokedCallback$Stub$Proxy@7bed5de, mPriority=-1, mIsAnimationCallback=false, mOverrideBehavior=0}
03-29 13:15:47.852  2460  5408 D CoreBackPreview: Window{584aba9 u0 com.suvojeet.suvmusic/com.suvojeet.suvmusic.MainActivity}: Setting back callback null
03-29 13:15:47.898  2460  2657 I ImeTracker: com.suvojeet.suvmusic:c3d927d4: onRequestHide at ORIGIN_SERVER reason HIDE_UNSPECIFIED_WINDOW fromUser false
03-29 13:15:47.899  6890  6890 I ImeTracker: com.suvojeet.suvmusic:c3d927d4: onCancelled at PHASE_CLIENT_ALREADY_HIDDEN
03-29 13:15:47.902  5169  5169 I GoogleInputMethodService: GoogleInputMethodService.onStartInput():1385 onStartInput(EditorInfo{EditorInfo{packageName=com.suvojeet.suvmusic, inputType=0, inputTypeString=NULL, enableLearning=false, autoCorrection=false, autoComplete=false, imeOptions=0, privateImeOptions=null, actionName=UNSPECIFIED, actionLabel=null, initialSelStart=-1, initialSelEnd=-1, initialCapsMode=0, label=null, fieldId=0, fieldName=null, extras=null, hintText=null, hintLocales=[]}}, false)
03-29 13:15:47.908  2460  5408 W PackageConfigPersister: App-specific configuration not found for packageName: com.suvojeet.suvmusic and userId: 0
03-29 13:15:48.171  2460  2607 D CoreBackPreview: Window{1d15990 u0 com.suvojeet.suvmusic/com.suvojeet.suvmusic.MainActivity}: Setting back callback OnBackInvokedCallbackInfo{mCallback=android.window.IOnBackInvokedCallback$Stub$Proxy@29dd2cb, mPriority=-1, mIsAnimationCallback=false, mOverrideBehavior=0}
03-29 13:15:48.240  2460  2657 I ImeTracker: com.suvojeet.suvmusic:70cdb500: onRequestHide at ORIGIN_SERVER reason HIDE_UNSPECIFIED_WINDOW fromUser false
03-29 13:15:48.244  5169  5169 I GoogleInputMethodService: GoogleInputMethodService.onStartInput():1385 onStartInput(EditorInfo{EditorInfo{packageName=com.suvojeet.suvmusic, inputType=0, inputTypeString=NULL, enableLearning=false, autoCorrection=false, autoComplete=false, imeOptions=0, privateImeOptions=null, actionName=UNSPECIFIED, actionLabel=null, initialSelStart=-1, initialSelEnd=-1, initialCapsMode=0, label=null, fieldId=0, fieldName=null, extras=null, hintText=null, hintLocales=[]}}, false)
03-29 13:15:48.247  2460  5408 W PackageConfigPersister: App-specific configuration not found for packageName: com.suvojeet.suvmusic and userId: 0
03-29 13:15:48.254  6890  6890 I ImeTracker: com.suvojeet.suvmusic:70cdb500: onCancelled at PHASE_CLIENT_ALREADY_HIDDEN
03-29 13:15:48.298  2460  5408 D CoreBackPreview: Window{1d15990 u0 com.suvojeet.suvmusic/com.suvojeet.suvmusic.MainActivity}: Setting back callback OnBackInvokedCallbackInfo{mCallback=android.window.IOnBackInvokedCallback$Stub$Proxy@934d0a7, mPriority=0, mIsAnimationCallback=true, mOverrideBehavior=0}
03-29 13:15:48.870  2460  5408 D MediaSessionService: onSessionPlaybackStateChanged: record=com.suvojeet.suvmusic/androidx.media3.session.id./59 (userId=0) playbackState=PlaybackState {state=PLAYING(3), position=74680, buffered position=113621, speed=1.0, updated=79906903, actions=7340027, custom actions=[Action:mName='Shuffle, mIcon=2131231119, mExtras=Bundle[EMPTY_PARCEL], Action:mName='Like, mIcon=2131230967, mExtras=Bundle[EMPTY_PARCEL], Action:mName='Repeat, mIcon=2131231115, mExtras=Bundle[EMPTY_PARCEL], Action:mName='Start Radio, mIcon=2131231114, mExtras=Bundle[EMPTY_PARCEL]], active item id=15, error=null}
03-29 13:15:49.472  2460  5408 D CoreBackPreview: Window{1d15990 u0 com.suvojeet.suvmusic/com.suvojeet.suvmusic.MainActivity}: Setting back callback OnBackInvokedCallbackInfo{mCallback=android.window.IOnBackInvokedCallback$Stub$Proxy@7b820fd, mPriority=-1, mIsAnimationCallback=false, mOverrideBehavior=0}
03-29 13:15:49.688  2460  5408 D CoreBackPreview: Window{1d15990 u0 com.suvojeet.suvmusic/com.suvojeet.suvmusic.MainActivity}: Setting back callback null
03-29 13:15:49.714  2460  5368 D CoreBackPreview: Window{d2d04bb u0 com.suvojeet.suvmusic/com.suvojeet.suvmusic.MainActivity}: Setting back callback OnBackInvokedCallbackInfo{mCallback=android.window.IOnBackInvokedCallback$Stub$Proxy@cce1ba2, mPriority=-1, mIsAnimationCallback=false, mOverrideBehavior=0}
03-29 13:15:49.815  2460  2657 I ImeTracker: com.suvojeet.suvmusic:13182b3b: onRequestHide at ORIGIN_SERVER reason HIDE_UNSPECIFIED_WINDOW fromUser false
03-29 13:15:49.816  6890  6890 I ImeTracker: com.suvojeet.suvmusic:13182b3b: onCancelled at PHASE_CLIENT_ALREADY_HIDDEN
03-29 13:15:49.818  5169  5169 I GoogleInputMethodService: GoogleInputMethodService.onStartInput():1385 onStartInput(EditorInfo{EditorInfo{packageName=com.suvojeet.suvmusic, inputType=0, inputTypeString=NULL, enableLearning=false, autoCorrection=false, autoComplete=false, imeOptions=0, privateImeOptions=null, actionName=UNSPECIFIED, actionLabel=null, initialSelStart=-1, initialSelEnd=-1, initialCapsMode=0, label=null, fieldId=0, fieldName=null, extras=null, hintText=null, hintLocales=[]}}, false)
03-29 13:15:49.821  2460  5956 W PackageConfigPersister: App-specific configuration not found for packageName: com.suvojeet.suvmusic and userId: 0
03-29 13:15:49.963  2460  5368 D CoreBackPreview: Window{d2d04bb u0 com.suvojeet.suvmusic/com.suvojeet.suvmusic.MainActivity}: Setting back callback OnBackInvokedCallbackInfo{mCallback=android.window.IOnBackInvokedCallback$Stub$Proxy@1964fee, mPriority=0, mIsAnimationCallback=true, mOverrideBehavior=0}
03-29 13:15:51.874  2460  5956 D MediaSessionService: onSessionPlaybackStateChanged: record=com.suvojeet.suvmusic/androidx.media3.session.id./59 (userId=0) playbackState=PlaybackState {state=PLAYING(3), position=77687, buffered position=113621, speed=1.0, updated=79909907, actions=7340027, custom actions=[Action:mName='Shuffle, mIcon=2131231119, mExtras=Bundle[EMPTY_PARCEL], Action:mName='Like, mIcon=2131230967, mExtras=Bundle[EMPTY_PARCEL], Action:mName='Repeat, mIcon=2131231115, mExtras=Bundle[EMPTY_PARCEL], Action:mName='Start Radio, mIcon=2131231114, mExtras=Bundle[EMPTY_PARCEL]], active item id=15, error=null}
03-29 13:15:53.266  2460  5368 D CoreBackPreview: startBackNavigation currentTask=Task{874d20b #1349 type=standard A=10289:com.suvojeet.suvmusic}, topRunningActivity=ActivityRecord{102501253 u0 com.suvojeet.suvmusic/.MainActivity t1349}, callbackInfo=OnBackInvokedCallbackInfo{mCallback=android.window.IOnBackInvokedCallback$Stub$Proxy@1964fee, mPriority=0, mIsAnimationCallback=true, mOverrideBehavior=0}, currentFocus=Window{d2d04bb u0 com.suvojeet.suvmusic/com.suvojeet.suvmusic.MainActivity}
03-29 13:15:54.885  2460  5368 D MediaSessionService: onSessionPlaybackStateChanged: record=com.suvojeet.suvmusic/androidx.media3.session.id./59 (userId=0) playbackState=PlaybackState {state=PLAYING(3), position=80698, buffered position=113621, speed=1.0, updated=79912918, actions=7340027, custom actions=[Action:mName='Shuffle, mIcon=2131231119, mExtras=Bundle[EMPTY_PARCEL], Action:mName='Like, mIcon=2131230967, mExtras=Bundle[EMPTY_PARCEL], Action:mName='Repeat, mIcon=2131231115, mExtras=Bundle[EMPTY_PARCEL], Action:mName='Start Radio, mIcon=2131231114, mExtras=Bundle[EMPTY_PARCEL]], active item id=15, error=null}
03-29 13:15:57.889  2460  5368 D MediaSessionService: onSessionPlaybackStateChanged: record=com.suvojeet.suvmusic/androidx.media3.session.id./59 (userId=0) playbackState=PlaybackState {state=PLAYING(3), position=83697, buffered position=113621, speed=1.0, updated=79915922, actions=7340027, custom actions=[Action:mName='Shuffle, mIcon=2131231119, mExtras=Bundle[EMPTY_PARCEL], Action:mName='Like, mIcon=2131230967, mExtras=Bundle[EMPTY_PARCEL], Action:mName='Repeat, mIcon=2131231115, mExtras=Bundle[EMPTY_PARCEL], Action:mName='Start Radio, mIcon=2131231114, mExtras=Bundle[EMPTY_PARCEL]], active item id=15, error=null}
03-29 13:16:00.891  2460  5956 D MediaSessionService: onSessionPlaybackStateChanged: record=com.suvojeet.suvmusic/androidx.media3.session.id./59 (userId=0) playbackState=PlaybackState {state=PLAYING(3), position=86698, buffered position=113621, speed=1.0, updated=79918924, actions=7340027, custom actions=[Action:mName='Shuffle, mIcon=2131231119, mExtras=Bundle[EMPTY_PARCEL], Action:mName='Like, mIcon=2131230967, mExtras=Bundle[EMPTY_PARCEL], Action:mName='Repeat, mIcon=2131231115, mExtras=Bundle[EMPTY_PARCEL], Action:mName='Start Radio, mIcon=2131231114, mExtras=Bundle[EMPTY_PARCEL]], active item id=15, error=null}
03-29 13:16:03.904  2460  5956 D MediaSessionService: onSessionPlaybackStateChanged: record=com.suvojeet.suvmusic/androidx.media3.session.id./59 (userId=0) playbackState=PlaybackState {state=PLAYING(3), position=89712, buffered position=113621, speed=1.0, updated=79921937, actions=7340027, custom actions=[Action:mName='Shuffle, mIcon=2131231119, mExtras=Bundle[EMPTY_PARCEL], Action:mName='Like, mIcon=2131230967, mExtras=Bundle[EMPTY_PARCEL], Action:mName='Repeat, mIcon=2131231115, mExtras=Bundle[EMPTY_PARCEL], Action:mName='Start Radio, mIcon=2131231114, mExtras=Bundle[EMPTY_PARCEL]], active item id=15, error=null}
03-29 13:16:05.154  2460  5368 D CoreBackPreview: Window{d2d04bb u0 com.suvojeet.suvmusic/com.suvojeet.suvmusic.MainActivity}: Setting back callback OnBackInvokedCallbackInfo{mCallback=android.window.IOnBackInvokedCallback$Stub$Proxy@f4c1302, mPriority=-1, mIsAnimationCallback=false, mOverrideBehavior=0}
03-29 13:16:05.373  2460  5368 D CoreBackPreview: Window{d2d04bb u0 com.suvojeet.suvmusic/com.suvojeet.suvmusic.MainActivity}: Setting back callback null
03-29 13:16:05.417  2460  2657 I ImeTracker: com.suvojeet.suvmusic:ee4adeae: onRequestHide at ORIGIN_SERVER reason HIDE_UNSPECIFIED_WINDOW fromUser false
03-29 13:16:05.418  6890  6890 I ImeTracker: com.suvojeet.suvmusic:ee4adeae: onCancelled at PHASE_CLIENT_ALREADY_HIDDEN
03-29 13:16:05.421  5169  5169 I GoogleInputMethodService: GoogleInputMethodService.onStartInput():1385 onStartInput(EditorInfo{EditorInfo{packageName=com.suvojeet.suvmusic, inputType=0, inputTypeString=NULL, enableLearning=false, autoCorrection=false, autoComplete=false, imeOptions=0, privateImeOptions=null, actionName=UNSPECIFIED, actionLabel=null, initialSelStart=-1, initialSelEnd=-1, initialCapsMode=0, label=null, fieldId=0, fieldName=null, extras=null, hintText=null, hintLocales=[]}}, false)
03-29 13:16:05.424  2460  5368 W PackageConfigPersister: App-specific configuration not found for packageName: com.suvojeet.suvmusic and userId: 0
03-29 13:16:06.913  2460  5408 D MediaSessionService: onSessionPlaybackStateChanged: record=com.suvojeet.suvmusic/androidx.media3.session.id./59 (userId=0) playbackState=PlaybackState {state=PLAYING(3), position=92727, buffered position=113621, speed=1.0, updated=79924946, actions=7340027, custom actions=[Action:mName='Shuffle, mIcon=2131231119, mExtras=Bundle[EMPTY_PARCEL], Action:mName='Like, mIcon=2131230967, mExtras=Bundle[EMPTY_PARCEL], Action:mName='Repeat, mIcon=2131231115, mExtras=Bundle[EMPTY_PARCEL], Action:mName='Start Radio, mIcon=2131231114, mExtras=Bundle[EMPTY_PARCEL]], active item id=15, error=null}
03-29 13:16:07.125  2460  5408 D MediaSessionService: dispatchVolumeKeyEvent, pkg=com.suvojeet.suvmusic, opPkg=com.suvojeet.suvmusic, pid=6890, uid=10289, asSystem=true, event=KeyEvent { action=ACTION_DOWN, keyCode=KEYCODE_VOLUME_UP, scanCode=115, metaState=0, flags=0x8, repeatCount=0, eventTime=65431784086000, downTime=65431784086000, deviceId=2, source=0x101, displayId=-1 }, stream=-2147483648, musicOnly=false
03-29 13:16:07.125  2460  5408 D MediaSessionService: Adjusting com.suvojeet.suvmusic/androidx.media3.session.id./59 (userId=0) by 1. flags=4113, suggestedStream=-2147483648, preferSuggestedStream=false
03-29 13:16:07.127  2460  5408 D MediaSessionService: dispatchVolumeKeyEvent, pkg=com.suvojeet.suvmusic, opPkg=com.suvojeet.suvmusic, pid=6890, uid=10289, asSystem=true, event=KeyEvent { action=ACTION_UP, keyCode=KEYCODE_VOLUME_UP, scanCode=115, metaState=0, flags=0x8, repeatCount=0, eventTime=65431888184000, downTime=65431784086000, deviceId=2, source=0x101, displayId=-1 }, stream=-2147483648, musicOnly=false
03-29 13:16:07.127  2460  5408 D MediaSessionService: Adjusting com.suvojeet.suvmusic/androidx.media3.session.id./59 (userId=0) by 0. flags=4116, suggestedStream=-2147483648, preferSuggestedStream=false
03-29 13:16:07.970 19223 19223 D RecentsView: onGestureAnimationStart - groupedTaskInfo: Desk ID= -1, Desk Display ID=-1, Tasks=[id=1349 winMode=fullscreen visReq=true vis=true excluded=false baseIntent=com.suvojeet.suvmusic/.MainActivity], Type=FULLSCREEN, Minimized Task IDs=null
03-29 13:16:07.972 19223 19223 D RecentsView: showCurrentTask(onGestureAnimationStart) - groupedTaskInfo: Desk ID= -1, Desk Display ID=-1, Tasks=[id=1349 winMode=fullscreen visReq=true vis=true excluded=false baseIntent=com.suvojeet.suvmusic/.MainActivity], Type=FULLSCREEN, Minimized Task IDs=null
03-29 13:16:07.983  2460  2612 I InputDispatcher: Channel [Gesture Monitor] swipe-up is stealing input gesture for device 3 from [451c86d com.suvojeet.suvmusic/com.suvojeet.suvmusic.MainActivity, [Gesture Monitor] edge-swipe]
03-29 13:16:07.985 19223 19223 D RecentsView: onGestureAnimationStart - groupedTaskInfo: Desk ID= -1, Desk Display ID=-1, Tasks=[id=1349 winMode=fullscreen visReq=true vis=true excluded=false baseIntent=com.suvojeet.suvmusic/.MainActivity], Type=FULLSCREEN, Minimized Task IDs=null
03-29 13:16:07.985 19223 19223 D RecentsView: showCurrentTask(onGestureAnimationStart) - groupedTaskInfo: Desk ID= -1, Desk Display ID=-1, Tasks=[id=1349 winMode=fullscreen visReq=true vis=true excluded=false baseIntent=com.suvojeet.suvmusic/.MainActivity], Type=FULLSCREEN, Minimized Task IDs=null
03-29 13:16:08.110  2460  2512 V WindowManager:         {WCT{RemoteToken{e3b338c Task{874d20b #1349 type=standard A=10289:com.suvojeet.suvmusic}}} m=TO_BACK f=NONE leash=Surface(name=Task=1349#51264)/@0x54d5fc7 sb=Rect(0, 0 - 1080, 2460) eb=Rect(0, 0 - 1080, 2460) epz=Point(1080, 2460) d=0 taskParent=-1 winMode=1 userId=0},
03-29 13:16:08.790  2460  2512 V WindowManager:     startWCT=WindowContainerTransaction { changes= {} hops= [{reorder: RemoteToken{e3b338c Task{874d20b #1349 type=standard A=10289:com.suvojeet.suvmusic}} to top}, {restoreTransientOrder: container=RemoteToken{d6f8623 Task{f6007e4 #1 type=home}} reparent=null mToTop=false mWindowingMode=null mActivityType=null}] errorCallbackToken=null taskFragmentOrganizer=null }
